Archive member included to satisfy reference by file (symbol)

.\CortexM3\ARM_GCC_541\Debug\Design01.a(LED01.o)
                              .\CortexM3\ARM_GCC_541\Debug\main.o (LED01_Write)
.\CortexM3\ARM_GCC_541\Debug\Design01.a(LED02.o)
                              .\CortexM3\ARM_GCC_541\Debug\main.o (LED02_Write)
.\CortexM3\ARM_GCC_541\Debug\Design01.a(CyLib.o)
                              .\CortexM3\ARM_GCC_541\Debug\Cm3Start.o (CyHalt)
.\CortexM3\ARM_GCC_541\Debug\Design01.a(cyPm.o)
                              .\CortexM3\ARM_GCC_541\Debug\Design01.a(CyLib.o) (CyPmReadStatus)
.\CortexM3\ARM_GCC_541\Debug\Design01.a(LED03.o)
                              .\CortexM3\ARM_GCC_541\Debug\main.o (LED03_Write)
.\CortexM3\ARM_GCC_541\Debug\Design01.a(LED04.o)
                              .\CortexM3\ARM_GCC_541\Debug\main.o (LED04_Write)
.\CortexM3\ARM_GCC_541\Debug\Design01.a(LCD.o)
                              .\CortexM3\ARM_GCC_541\Debug\main.o (LCD_PrintString)
.\CortexM3\ARM_GCC_541\Debug\Design01.a(ADC.o)
                              .\CortexM3\ARM_GCC_541\Debug\main.o (ADC_Start)
.\CortexM3\ARM_GCC_541\Debug\Design01.a(ADC_INT.o)
                              .\CortexM3\ARM_GCC_541\Debug\Design01.a(ADC.o) (ADC_ISR1)
.\CortexM3\ARM_GCC_541\Debug\Design01.a(ADC_AMux.o)
                              .\CortexM3\ARM_GCC_541\Debug\Design01.a(ADC.o) (ADC_AMux_Select)
.\CortexM3\ARM_GCC_541\Debug\Design01.a(ADC_Ext_CP_Clk.o)
                              .\CortexM3\ARM_GCC_541\Debug\Design01.a(ADC.o) (ADC_Ext_CP_Clk_SetModeRegister)
.\CortexM3\ARM_GCC_541\Debug\Design01.a(ADC_theACLK.o)
                              .\CortexM3\ARM_GCC_541\Debug\Design01.a(ADC.o) (ADC_theACLK_SetModeRegister)
.\CortexM3\ARM_GCC_541\Debug\Design01.a(Timer.o)
                              .\CortexM3\ARM_GCC_541\Debug\main.o (Timer_Start)
.\CortexM3\ARM_GCC_541\Debug\Design01.a(PWM.o)
                              .\CortexM3\ARM_GCC_541\Debug\main.o (PWM_WritePeriod)
.\CortexM3\ARM_GCC_541\Debug\Design01.a(UART.o)
                              .\CortexM3\ARM_GCC_541\Debug\main.o (UART_Start)
.\CortexM3\ARM_GCC_541\Debug\Design01.a(UART_IntClock.o)
                              .\CortexM3\ARM_GCC_541\Debug\Design01.a(UART.o) (UART_IntClock_Start)
.\CortexM3\ARM_GCC_541\Debug\Design01.a(isr_uart_rx.o)
                              .\CortexM3\ARM_GCC_541\Debug\main.o (isr_uart_rx_StartEx)
.\CortexM3\ARM_GCC_541\Debug\Design01.a(CyBootAsmGnu.o)
                              .\CortexM3\ARM_GCC_541\Debug\cyfitter_cfg.o (CyDelayCycles)
.\CortexM3\ARM_GCC_541\Debug\Design01.a(CyFlash.o)
                              .\CortexM3\ARM_GCC_541\Debug\Design01.a(cyPm.o) (CyFlash_SetWaitCycles)
.\CortexM3\ARM_GCC_541\Debug\Design01.a(CySpc.o)
                              .\CortexM3\ARM_GCC_541\Debug\Design01.a(CyFlash.o) (CySpcStart)
d:/psoc/psoc creator/4.4/psoc creator/import/gnu/arm/5.4.1/bin/../lib/gcc/arm-none-eabi/5.4.1/armv7-m\libgcc.a(_arm_addsubdf3.o)
                              .\CortexM3\ARM_GCC_541\Debug\Design01.a(ADC.o) (__aeabi_f2d)
d:/psoc/psoc creator/4.4/psoc creator/import/gnu/arm/5.4.1/bin/../lib/gcc/arm-none-eabi/5.4.1/armv7-m\libgcc.a(_arm_cmpdf2.o)
                              .\CortexM3\ARM_GCC_541\Debug\Design01.a(ADC.o) (__aeabi_dcmpgt)
d:/psoc/psoc creator/4.4/psoc creator/import/gnu/arm/5.4.1/bin/../lib/gcc/arm-none-eabi/5.4.1/armv7-m\libgcc.a(_arm_addsubsf3.o)
                              .\CortexM3\ARM_GCC_541\Debug\Design01.a(ADC.o) (__aeabi_ui2f)
d:/psoc/psoc creator/4.4/psoc creator/import/gnu/arm/5.4.1/bin/../lib/gcc/arm-none-eabi/5.4.1/armv7-m\libgcc.a(_arm_muldivsf3.o)
                              .\CortexM3\ARM_GCC_541\Debug\Design01.a(ADC.o) (__aeabi_fmul)
d:/psoc/psoc creator/4.4/psoc creator/import/gnu/arm/5.4.1/bin/../lib/gcc/arm-none-eabi/5.4.1/armv7-m\libgcc.a(_arm_fixunssfsi.o)
                              .\CortexM3\ARM_GCC_541\Debug\Design01.a(ADC.o) (__aeabi_f2uiz)
d:/psoc/psoc creator/4.4/psoc creator/import/gnu/arm/5.4.1/bin/../lib/gcc/arm-none-eabi/5.4.1/../../../../arm-none-eabi/lib/armv7-m\libg_nano.a(lib_a-errno.o)
                              .\CortexM3\ARM_GCC_541\Debug\Cm3Start.o (__errno)
d:/psoc/psoc creator/4.4/psoc creator/import/gnu/arm/5.4.1/bin/../lib/gcc/arm-none-eabi/5.4.1/../../../../arm-none-eabi/lib/armv7-m\libg_nano.a(lib_a-exit.o)
                              d:/psoc/psoc creator/4.4/psoc creator/import/gnu/arm/5.4.1/bin/../lib/gcc/arm-none-eabi/5.4.1/../../../../arm-none-eabi/lib/armv7-m/crt0.o (exit)
d:/psoc/psoc creator/4.4/psoc creator/import/gnu/arm/5.4.1/bin/../lib/gcc/arm-none-eabi/5.4.1/../../../../arm-none-eabi/lib/armv7-m\libg_nano.a(lib_a-impure.o)
                              d:/psoc/psoc creator/4.4/psoc creator/import/gnu/arm/5.4.1/bin/../lib/gcc/arm-none-eabi/5.4.1/../../../../arm-none-eabi/lib/armv7-m\libg_nano.a(lib_a-exit.o) (_global_impure_ptr)
[...]
Memory Configuration

Name             Origin             Length             Attributes
rom              0x00000000         0x00040000         xr
ram              0x1fff8000         0x00010000         xrw
*default*        0x00000000         0xffffffff

Linker script and memory map

LOAD d:/psoc/psoc creator/4.4/psoc creator/import/gnu/arm/5.4.1/bin/../lib/gcc/arm-none-eabi/5.4.1/armv7-m/crti.o
LOAD d:/psoc/psoc creator/4.4/psoc creator/import/gnu/arm/5.4.1/bin/../lib/gcc/arm-none-eabi/5.4.1/armv7-m/crtbegin.o
LOAD d:/psoc/psoc creator/4.4/psoc creator/import/gnu/arm/5.4.1/bin/../lib/gcc/arm-none-eabi/5.4.1/../../../../arm-none-eabi/lib/armv7-m/crt0.o
START GROUP
LOAD .\CortexM3\ARM_GCC_541\Debug\main.o
LOAD .\CortexM3\ARM_GCC_541\Debug\cyfitter_cfg.o
LOAD .\CortexM3\ARM_GCC_541\Debug\cymetadata.o
LOAD .\CortexM3\ARM_GCC_541\Debug\Cm3Start.o
LOAD .\CortexM3\ARM_GCC_541\Debug\Design01.a
LOAD D:\PSoC\PSoC Creator\4.4\PSoC Creator\psoc\content\cycomponentlibrary\CyComponentLibrary.cylib\CortexM3\ARM_GCC_541\Debug\CyComponentLibrary.a
LOAD d:/psoc/psoc creator/4.4/psoc creator/import/gnu/arm/5.4.1/bin/../lib/gcc/arm-none-eabi/5.4.1/../../../../arm-none-eabi/lib/armv7-m\libm.a
END GROUP
START GROUP
LOAD d:/psoc/psoc creator/4.4/psoc creator/import/gnu/arm/5.4.1/bin/../lib/gcc/arm-none-eabi/5.4.1/armv7-m\libgcc.a
LOAD d:/psoc/psoc creator/4.4/psoc creator/import/gnu/arm/5.4.1/bin/../lib/gcc/arm-none-eabi/5.4.1/../../../../arm-none-eabi/lib/armv7-m\libg_nano.a
LOAD d:/psoc/psoc creator/4.4/psoc creator/import/gnu/arm/5.4.1/bin/../lib/gcc/arm-none-eabi/5.4.1/../../../../arm-none-eabi/lib/armv7-m\libc_nano.a
END GROUP
START GROUP
LOAD d:/psoc/psoc creator/4.4/psoc creator/import/gnu/arm/5.4.1/bin/../lib/gcc/arm-none-eabi/5.4.1/armv7-m\libgcc.a
LOAD d:/psoc/psoc creator/4.4/psoc creator/import/gnu/arm/5.4.1/bin/../lib/gcc/arm-none-eabi/5.4.1/../../../../arm-none-eabi/lib/armv7-m\libc_nano.a
END GROUP
LOAD d:/psoc/psoc creator/4.4/psoc creator/import/gnu/arm/5.4.1/bin/../lib/gcc/arm-none-eabi/5.4.1/armv7-m/crtend.o
LOAD d:/psoc/psoc creator/4.4/psoc creator/import/gnu/arm/5.4.1/bin/../lib/gcc/arm-none-eabi/5.4.1/armv7-m/crtn.o
START GROUP
LOAD d:/psoc/psoc creator/4.4/psoc creator/import/gnu/arm/5.4.1/bin/../lib/gcc/arm-none-eabi/5.4.1/armv7-m\libgcc.a
LOAD d:/psoc/psoc creator/4.4/psoc creator/import/gnu/arm/5.4.1/bin/../lib/gcc/arm-none-eabi/5.4.1/../../../../arm-none-eabi/lib/armv7-m\libc.a
LOAD d:/psoc/psoc creator/4.4/psoc creator/import/gnu/arm/5.4.1/bin/../lib/gcc/arm-none-eabi/5.4.1/../../../../arm-none-eabi/lib/armv7-m\libnosys.a
END GROUP
                0x00000000                CY_APPL_ORIGIN = 0x0
                0x00000100                CY_FLASH_ROW_SIZE = 0x100
                0x00000020                CY_ECC_ROW_SIZE = 0x20
                0x00000000                CY_EE_IN_BTLDR = 0x0
                0x00000000                CY_APPL_LOADABLE = 0x0
                0x00000800                CY_EE_SIZE = 0x800
                0x00000001                CY_APPL_NUM = 0x1
                0x00000001                CY_APPL_MAX = 0x1
                0x00000040                CY_METADATA_SIZE = 0x40
                0x00000000                CY_APPL_LOADABLE = 0x0
                0x00000000                CY_CHECKSUM_EXCLUDE_SIZE = ALIGN (0x0, CY_FLASH_ROW_SIZE)
                [!provide]                PROVIDE (__cy_heap_start, _end)
                0x00000001                PROVIDE (__cy_region_num, ((__cy_regions_end - __cy_regions) / 0x10))
                0x20008000                PROVIDE (__cy_stack, (ORIGIN (ram) + LENGTH (ram)))
                [!provide]                PROVIDE (__cy_heap_end, (__cy_stack - 0x800))

.cybootloader   0x00000000        0x0
 *(.cybootloader)
                0x00000000                appl1_start = CY_APPL_ORIGIN?CY_APPL_ORIGIN:ALIGN (CY_FLASH_ROW_SIZE)
                0x0001ff00                appl2_start = (appl1_start + ALIGN ((((LENGTH (rom) - appl1_start) - (0x2 * CY_FLASH_ROW_SIZE)) / 0x2), CY_FLASH_ROW_SIZE))
                0x00000000                appl_start = (CY_APPL_NUM == 0x1)?appl1_start:appl2_start
                0x00000000                ecc_offset = ((appl_start / CY_FLASH_ROW_SIZE) * CY_ECC_ROW_SIZE)
                0x00000000                ee_offset = (CY_APPL_LOADABLE && ! (CY_EE_IN_BTLDR))?((CY_EE_SIZE / CY_APPL_MAX) * (CY_APPL_NUM - 0x1)):0x0
                0x00000800                ee_size = (CY_APPL_LOADABLE && ! (CY_EE_IN_BTLDR))?(CY_EE_SIZE / CY_APPL_MAX):CY_EE_SIZE
                [!provide]                PROVIDE (CY_ECC_OFFSET, ecc_offset)

.text           0x00000000     0x153e
 CREATE_OBJECT_SYMBOLS
                0x00000000                PROVIDE (__cy_interrupt_vector, RomVectors)
 *(.romvectors)
 .romvectors    0x00000000       0x10 .\CortexM3\ARM_GCC_541\Debug\Cm3Start.o
                0x00000000                RomVectors
                0x00000001                ASSERT ((. != __cy_interrupt_vector), No interrupt vector)
                0x00000001                ASSERT (CY_APPL_ORIGIN?(SIZEOF (.cybootloader) <= CY_APPL_ORIGIN):0x1, Wrong image location)
                0x00000010                PROVIDE (__cy_reset, Reset)
 *(.text.Reset)
 .text.Reset    0x00000010       0x18 .\CortexM3\ARM_GCC_541\Debug\Cm3Start.o
                0x00000010                Reset
                0x00000001                ASSERT ((. != __cy_reset), No reset code)
 *(.dma_init)
                0x00000001                ASSERT ((((appl_start + .) <= 0x10000) || 0x1), DMA Init must be within the first 64k of flash)
 *(.text .text.* .gnu.linkonce.t.*)
 .text          0x00000028       0x5c d:/psoc/psoc creator/4.4/psoc creator/import/gnu/arm/5.4.1/bin/../lib/gcc/arm-none-eabi/5.4.1/armv7-m/crtbegin.o
 .text.isr_uart_rx_Handler
                0x00000084       0x84 .\CortexM3\ARM_GCC_541\Debug\main.o
                0x00000084                isr_uart_rx_Handler
 .text.Start_F  0x00000108       0x1c .\CortexM3\ARM_GCC_541\Debug\main.o
                0x00000108                Start_F
 .text.LED_off  0x00000124       0x20 .\CortexM3\ARM_GCC_541\Debug\main.o
                0x00000124                LED_off
 .text.main     0x00000144       0x50 .\CortexM3\ARM_GCC_541\Debug\main.o
                0x00000144                main
 .text.CyClockStartupError
                0x00000194        0x4 .\CortexM3\ARM_GCC_541\Debug\cyfitter_cfg.o
 .text.cfg_write_bytes32
                0x00000198       0x34 .\CortexM3\ARM_GCC_541\Debug\cyfitter_cfg.o
 .text.AnalogSetDefault
                0x000001cc       0x38 .\CortexM3\ARM_GCC_541\Debug\cyfitter_cfg.o
 .text.CYMEMZERO
                0x00000204        0xc .\CortexM3\ARM_GCC_541\Debug\cyfitter_cfg.o
 .text.CYCONFIGCPY
                0x00000210        0x8 .\CortexM3\ARM_GCC_541\Debug\cyfitter_cfg.o
 .text.ClockSetup
                0x00000218      0x100 .\CortexM3\ARM_GCC_541\Debug\cyfitter_cfg.o
 .text.ADC_AMux_Set
                0x00000318       0x1c .\CortexM3\ARM_GCC_541\Debug\cyfitter_cfg.o
                0x00000318                ADC_AMux_Set
 .text.ADC_AMux_Unset
                0x00000334       0x1c .\CortexM3\ARM_GCC_541\Debug\cyfitter_cfg.o
                0x00000334                ADC_AMux_Unset
 .text.cyfitter_cfg
                0x00000350      0x13c .\CortexM3\ARM_GCC_541\Debug\cyfitter_cfg.o
                0x00000350                cyfitter_cfg
 .text.IntDefaultHandler
                0x0000048c       0x10 .\CortexM3\ARM_GCC_541\Debug\Cm3Start.o
                0x0000048c                IntDefaultHandler
 .text.Start_c  0x0000049c       0x4c .\CortexM3\ARM_GCC_541\Debug\Cm3Start.o
                0x0000049c                Start_c
 .text.initialize_psoc
                0x000004e8       0x68 .\CortexM3\ARM_GCC_541\Debug\Cm3Start.o
                0x000004e8                initialize_psoc
 .text.LED01_Write
                0x00000550       0x18 .\CortexM3\ARM_GCC_541\Debug\Design01.a(LED01.o)
                0x00000550                LED01_Write
 .text.LED01_Read
                0x00000568       0x10 .\CortexM3\ARM_GCC_541\Debug\Design01.a(LED01.o)
                0x00000568                LED01_Read
 .text.LED02_Write
                0x00000578       0x18 .\CortexM3\ARM_GCC_541\Debug\Design01.a(LED02.o)
                0x00000578                LED02_Write
 .text.CyHalt   0x00000590        0x4 .\CortexM3\ARM_GCC_541\Debug\Design01.a(CyLib.o)
                0x00000590                CyHalt
 .text.CyDelay  0x00000594       0x2c .\CortexM3\ARM_GCC_541\Debug\Design01.a(CyLib.o)
                0x00000594                CyDelay
 .text.CyDelayUs
                0x000005c0       0x14 .\CortexM3\ARM_GCC_541\Debug\Design01.a(CyLib.o)
                0x000005c0                CyDelayUs
 .text.CyIntSetVector
                0x000005d4       0x28 .\CortexM3\ARM_GCC_541\Debug\Design01.a(CyLib.o)
                0x000005d4                CyIntSetVector
 .text.CyIntSetPriority
                0x000005fc       0x30 .\CortexM3\ARM_GCC_541\Debug\Design01.a(CyLib.o)
                0x000005fc                CyIntSetPriority
 .text.LED03_Write
                0x0000062c       0x18 .\CortexM3\ARM_GCC_541\Debug\Design01.a(LED03.o)
                0x0000062c                LED03_Write
 .text.LED04_Write
                0x00000644       0x18 .\CortexM3\ARM_GCC_541\Debug\Design01.a(LED04.o)
                0x00000644                LED04_Write
 .text.LCD_WrCntrlNib
                0x0000065c       0x34 .\CortexM3\ARM_GCC_541\Debug\Design01.a(LCD.o)
 .text.LCD_WrDatNib
                0x00000690       0x44 .\CortexM3\ARM_GCC_541\Debug\Design01.a(LCD.o)
 .text.LCD_IsReady
                0x000006d4       0xe4 .\CortexM3\ARM_GCC_541\Debug\Design01.a(LCD.o)
                0x000006d4                LCD_IsReady
 .text.LCD_WriteData
                0x000007b8       0x18 .\CortexM3\ARM_GCC_541\Debug\Design01.a(LCD.o)
                0x000007b8                LCD_WriteData
 .text.LCD_PrintString
                0x000007d0       0x1c .\CortexM3\ARM_GCC_541\Debug\Design01.a(LCD.o)
                0x000007d0                LCD_PrintString
 .text.LCD_PutChar
                0x000007ec        0x8 .\CortexM3\ARM_GCC_541\Debug\Design01.a(LCD.o)
                0x000007ec                LCD_PutChar
 .text.LCD_WriteControl
                0x000007f4       0x18 .\CortexM3\ARM_GCC_541\Debug\Design01.a(LCD.o)
                0x000007f4                LCD_WriteControl
 .text.LCD_Init
                0x0000080c       0x6c .\CortexM3\ARM_GCC_541\Debug\Design01.a(LCD.o)
                0x0000080c                LCD_Init
 .text.LCD_Enable
                0x00000878       0x14 .\CortexM3\ARM_GCC_541\Debug\Design01.a(LCD.o)
                0x00000878                LCD_Enable
 .text.LCD_Start
                0x0000088c       0x1c .\CortexM3\ARM_GCC_541\Debug\Design01.a(LCD.o)
                0x0000088c                LCD_Start
 .text.LCD_Position
                0x000008a8       0x3c .\CortexM3\ARM_GCC_541\Debug\Design01.a(LCD.o)
                0x000008a8                LCD_Position
 .text.ADC_GainCompensation
                0x000008e4       0xe0 .\CortexM3\ARM_GCC_541\Debug\Design01.a(ADC.o)
 .text.ADC_SetDSMRef0Reg
                0x000009c4       0x4c .\CortexM3\ARM_GCC_541\Debug\Design01.a(ADC.o)
 .text.ADC_InitConfig
                0x00000a10      0x32c .\CortexM3\ARM_GCC_541\Debug\Design01.a(ADC.o)
 .text.ADC_Init
                0x00000d3c      0x108 .\CortexM3\ARM_GCC_541\Debug\Design01.a(ADC.o)
                0x00000d3c                ADC_Init
 .text.ADC_Enable
                0x00000e44       0xd8 .\CortexM3\ARM_GCC_541\Debug\Design01.a(ADC.o)
                0x00000e44                ADC_Enable
 .text.ADC_Start
                0x00000f1c       0x28 .\CortexM3\ARM_GCC_541\Debug\Design01.a(ADC.o)
                0x00000f1c                ADC_Start
 .text.ADC_StartConvert
                0x00000f44       0x10 .\CortexM3\ARM_GCC_541\Debug\Design01.a(ADC.o)
                0x00000f44                ADC_StartConvert
 .text.ADC_ISR1
                0x00000f54        0x4 .\CortexM3\ARM_GCC_541\Debug\Design01.a(ADC_INT.o)
                0x00000f54                ADC_ISR1
 .text.ADC_ISR2
                0x00000f58        0x4 .\CortexM3\ARM_GCC_541\Debug\Design01.a(ADC_INT.o)
                0x00000f58                ADC_ISR2
 .text.ADC_ISR3
                0x00000f5c        0x4 .\CortexM3\ARM_GCC_541\Debug\Design01.a(ADC_INT.o)
                0x00000f5c                ADC_ISR3
 .text.ADC_ISR4
                0x00000f60        0x4 .\CortexM3\ARM_GCC_541\Debug\Design01.a(ADC_INT.o)
                0x00000f60                ADC_ISR4
 .text.ADC_AMux_Start
                0x00000f64       0x20 .\CortexM3\ARM_GCC_541\Debug\Design01.a(ADC_AMux.o)
                0x00000f64                ADC_AMux_Start
 .text.ADC_AMux_Select
                0x00000f84       0x18 .\CortexM3\ARM_GCC_541\Debug\Design01.a(ADC_AMux.o)
                0x00000f84                ADC_AMux_Select
 .text.ADC_Ext_CP_Clk_GetDividerRegister
                0x00000f9c        0xc .\CortexM3\ARM_GCC_541\Debug\Design01.a(ADC_Ext_CP_Clk.o)
                0x00000f9c                ADC_Ext_CP_Clk_GetDividerRegister
 .text.ADC_Ext_CP_Clk_SetModeRegister
                0x00000fa8       0x14 .\CortexM3\ARM_GCC_541\Debug\Design01.a(ADC_Ext_CP_Clk.o)
                0x00000fa8                ADC_Ext_CP_Clk_SetModeRegister
 .text.ADC_Ext_CP_Clk_GetSourceRegister
                0x00000fbc       0x10 .\CortexM3\ARM_GCC_541\Debug\Design01.a(ADC_Ext_CP_Clk.o)
                0x00000fbc                ADC_Ext_CP_Clk_GetSourceRegister
 .text.ADC_Ext_CP_Clk_SetDividerRegister
                0x00000fcc       0xd8 .\CortexM3\ARM_GCC_541\Debug\Design01.a(ADC_Ext_CP_Clk.o)
                0x00000fcc                ADC_Ext_CP_Clk_SetDividerRegister
 .text.ADC_theACLK_GetDividerRegister
                0x000010a4        0xc .\CortexM3\ARM_GCC_541\Debug\Design01.a(ADC_theACLK.o)
                0x000010a4                ADC_theACLK_GetDividerRegister
 .text.ADC_theACLK_SetModeRegister
                0x000010b0       0x14 .\CortexM3\ARM_GCC_541\Debug\Design01.a(ADC_theACLK.o)
                0x000010b0                ADC_theACLK_SetModeRegister
 .text.ADC_theACLK_GetSourceRegister
                0x000010c4       0x10 .\CortexM3\ARM_GCC_541\Debug\Design01.a(ADC_theACLK.o)
                0x000010c4                ADC_theACLK_GetSourceRegister
 .text.ADC_theACLK_SetDividerRegister
                0x000010d4       0xd8 .\CortexM3\ARM_GCC_541\Debug\Design01.a(ADC_theACLK.o)
                0x000010d4                ADC_theACLK_SetDividerRegister
 .text.Timer_Enable
                0x000011ac       0x28 .\CortexM3\ARM_GCC_541\Debug\Design01.a(Timer.o)
                0x000011ac                Timer_Enable
 .text.Timer_SetInterruptMode
                0x000011d4        0xc .\CortexM3\ARM_GCC_541\Debug\Design01.a(Timer.o)
                0x000011d4                Timer_SetInterruptMode
 .text.Timer_WritePeriod
                0x000011e0        0xc .\CortexM3\ARM_GCC_541\Debug\Design01.a(Timer.o)
                0x000011e0                Timer_WritePeriod
 .text.Timer_WriteCounter
                0x000011ec        0xc .\CortexM3\ARM_GCC_541\Debug\Design01.a(Timer.o)
                0x000011ec                Timer_WriteCounter
 .text.Timer_Init
                0x000011f8       0x68 .\CortexM3\ARM_GCC_541\Debug\Design01.a(Timer.o)
                0x000011f8                Timer_Init
 .text.Timer_Start
                0x00001260       0x1c .\CortexM3\ARM_GCC_541\Debug\Design01.a(Timer.o)
                0x00001260                Timer_Start
 .text.PWM_Enable
                0x0000127c       0x10 .\CortexM3\ARM_GCC_541\Debug\Design01.a(PWM.o)
                0x0000127c                PWM_Enable
 .text.PWM_WriteCounter
                0x0000128c        0xc .\CortexM3\ARM_GCC_541\Debug\Design01.a(PWM.o)
                0x0000128c                PWM_WriteCounter
 .text.PWM_WritePeriod
                0x00001298        0xc .\CortexM3\ARM_GCC_541\Debug\Design01.a(PWM.o)
                0x00001298                PWM_WritePeriod
 .text.PWM_WriteCompare
                0x000012a4        0xc .\CortexM3\ARM_GCC_541\Debug\Design01.a(PWM.o)
                0x000012a4                PWM_WriteCompare
 .text.PWM_SetInterruptMode
                0x000012b0        0xc .\CortexM3\ARM_GCC_541\Debug\Design01.a(PWM.o)
                0x000012b0                PWM_SetInterruptMode
 .text.PWM_ReadStatusRegister
                0x000012bc        0xc .\CortexM3\ARM_GCC_541\Debug\Design01.a(PWM.o)
                0x000012bc                PWM_ReadStatusRegister
 .text.PWM_ReadCapture
                0x000012c8        0xc .\CortexM3\ARM_GCC_541\Debug\Design01.a(PWM.o)
                0x000012c8                PWM_ReadCapture
 .text.PWM_ClearFIFO
                0x000012d4       0x14 .\CortexM3\ARM_GCC_541\Debug\Design01.a(PWM.o)
                0x000012d4                PWM_ClearFIFO
 .text.PWM_Init
                0x000012e8       0x60 .\CortexM3\ARM_GCC_541\Debug\Design01.a(PWM.o)
                0x000012e8                PWM_Init
 .text.PWM_Start
                0x00001348       0x1c .\CortexM3\ARM_GCC_541\Debug\Design01.a(PWM.o)
                0x00001348                PWM_Start
 .text.UART_Init
                0x00001364       0x24 .\CortexM3\ARM_GCC_541\Debug\Design01.a(UART.o)
                0x00001364                UART_Init
 .text.UART_Enable
                0x00001388       0x38 .\CortexM3\ARM_GCC_541\Debug\Design01.a(UART.o)
                0x00001388                UART_Enable
 .text.UART_Start
                0x000013c0       0x1c .\CortexM3\ARM_GCC_541\Debug\Design01.a(UART.o)
                0x000013c0                UART_Start
 .text.UART_ReadRxData
                0x000013dc        0xc .\CortexM3\ARM_GCC_541\Debug\Design01.a(UART.o)
                0x000013dc                UART_ReadRxData
 .text.UART_ReadRxStatus
                0x000013e8       0x10 .\CortexM3\ARM_GCC_541\Debug\Design01.a(UART.o)
                0x000013e8                UART_ReadRxStatus
 .text.UART_PutChar
                0x000013f8       0x18 .\CortexM3\ARM_GCC_541\Debug\Design01.a(UART.o)
                0x000013f8                UART_PutChar
 .text.UART_PutString
                0x00001410       0x24 .\CortexM3\ARM_GCC_541\Debug\Design01.a(UART.o)
                0x00001410                UART_PutString
 .text.UART_IntClock_Start
                0x00001434       0x1c .\CortexM3\ARM_GCC_541\Debug\Design01.a(UART_IntClock.o)
                0x00001434                UART_IntClock_Start
 .text.isr_uart_rx_SetVector
                0x00001450        0xc .\CortexM3\ARM_GCC_541\Debug\Design01.a(isr_uart_rx.o)
                0x00001450                isr_uart_rx_SetVector
 .text.isr_uart_rx_SetPriority
                0x0000145c       0x10 .\CortexM3\ARM_GCC_541\Debug\Design01.a(isr_uart_rx.o)
                0x0000145c                isr_uart_rx_SetPriority
 .text.isr_uart_rx_Enable
                0x0000146c        0xc .\CortexM3\ARM_GCC_541\Debug\Design01.a(isr_uart_rx.o)
                0x0000146c                isr_uart_rx_Enable
 .text.isr_uart_rx_Disable
                0x00001478        0xc .\CortexM3\ARM_GCC_541\Debug\Design01.a(isr_uart_rx.o)
                0x00001478                isr_uart_rx_Disable
 .text.isr_uart_rx_StartEx
                0x00001484       0x1c .\CortexM3\ARM_GCC_541\Debug\Design01.a(isr_uart_rx.o)
                0x00001484                isr_uart_rx_StartEx
 .text          0x000014a0       0x20 .\CortexM3\ARM_GCC_541\Debug\Design01.a(CyBootAsmGnu.o)
                0x000014a0                CyDelayCycles
                0x000014b0                CyEnterCriticalSection
                0x000014b8                CyExitCriticalSection
 .text.__errno  0x000014c0        0xc d:/psoc/psoc creator/4.4/psoc creator/import/gnu/arm/5.4.1/bin/../lib/gcc/arm-none-eabi/5.4.1/../../../../arm-none-eabi/lib/armv7-m\libg_nano.a(lib_a-errno.o)
                0x000014c0                __errno
 .text.__libc_init_array
                0x000014cc       0x4c d:/psoc/psoc creator/4.4/psoc creator/import/gnu/arm/5.4.1/bin/../lib/gcc/arm-none-eabi/5.4.1/../../../../arm-none-eabi/lib/armv7-m\libg_nano.a(lib_a-init.o)
                0x000014cc                __libc_init_array
 .text.memcpy   0x00001518       0x16 d:/psoc/psoc creator/4.4/psoc creator/import/gnu/arm/5.4.1/bin/../lib/gcc/arm-none-eabi/5.4.1/../../../../arm-none-eabi/lib/armv7-m\libg_nano.a(lib_a-memcpy-stub.o)
                0x00001518                memcpy
 .text.memset   0x0000152e       0x10 d:/psoc/psoc creator/4.4/psoc creator/import/gnu/arm/5.4.1/bin/../lib/gcc/arm-none-eabi/5.4.1/../../../../arm-none-eabi/lib/armv7-m\libg_nano.a(lib_a-memset.o)
                0x0000152e                memset
 *(.plt)
 *(.gnu.warning)
 *(.glue_7t)
 .glue_7t       0x0000153e        0x0 linker stubs
 *(.glue_7)
 .glue_7        0x0000153e        0x0 linker stubs
 *(.vfp11_veneer)
 .vfp11_veneer  0x0000153e        0x0 linker stubs
 *(.bootloader)
 *(.ARM.extab* .gnu.linkonce.armextab.*)
 *(.gcc_except_table)

.v4_bx          0x00001540        0x0
 .v4_bx         0x00001540        0x0 linker stubs

.iplt           0x00001540        0x0
 .iplt          0x00001540        0x0 d:/psoc/psoc creator/4.4/psoc creator/import/gnu/arm/5.4.1/bin/../lib/gcc/arm-none-eabi/5.4.1/armv7-m/crtbegin.o

.eh_frame_hdr
 *(.eh_frame_hdr)

.eh_frame       0x00001540        0x4
 *(.eh_frame)
 .eh_frame      0x00001540        0x0 d:/psoc/psoc creator/4.4/psoc creator/import/gnu/arm/5.4.1/bin/../lib/gcc/arm-none-eabi/5.4.1/armv7-m/crtbegin.o
 .eh_frame      0x00001540        0x4 d:/psoc/psoc creator/4.4/psoc creator/import/gnu/arm/5.4.1/bin/../lib/gcc/arm-none-eabi/5.4.1/armv7-m/crtend.o
                [!provide]                PROVIDE (__exidx_start, .)

.ARM.exidx
 *(.ARM.exidx* .gnu.linkonce.armexidx.*)
                0x00001544                __exidx_end = .

.rodata         0x00001544       0x9c
 *(.rodata .rodata.* .gnu.linkonce.r.*)
 .rodata.str1.4
                0x00001544       0x20 .\CortexM3\ARM_GCC_541\Debug\main.o
 .rodata        0x00001564       0x46 .\CortexM3\ARM_GCC_541\Debug\cyfitter_cfg.o
                0x00001564                ADC_AMux__addrTable
                0x0000156c                ADC_AMux__maskTable
 .rodata.str1.1
                0x000015aa        0x2 d:/psoc/psoc creator/4.4/psoc creator/import/gnu/arm/5.4.1/bin/../lib/gcc/arm-none-eabi/5.4.1/../../../../arm-none-eabi/lib/armv7-m\libg_nano.a(lib_a-impure.o)
                0x000015ac                . = ALIGN (0x4)
 *(.init)
 .init          0x000015ac        0x4 d:/psoc/psoc creator/4.4/psoc creator/import/gnu/arm/5.4.1/bin/../lib/gcc/arm-none-eabi/5.4.1/armv7-m/crti.o
                0x000015ac                _init
 .init          0x000015b0        0x8 d:/psoc/psoc creator/4.4/psoc creator/import/gnu/arm/5.4.1/bin/../lib/gcc/arm-none-eabi/5.4.1/armv7-m/crtn.o
                0x000015b8                . = ALIGN (0x4)
                0x000015b8                __preinit_array_start = .
 *(.preinit_array)
                0x000015b8                __preinit_array_end = .
                0x000015b8                . = ALIGN (0x4)
                0x000015b8                __init_array_start = .
 *(SORT(.init_array.*))
 *(.init_array)
 .init_array    0x000015b8        0x4 d:/psoc/psoc creator/4.4/psoc creator/import/gnu/arm/5.4.1/bin/../lib/gcc/arm-none-eabi/5.4.1/armv7-m/crtbegin.o
 .init_array    0x000015bc        0x4 .\CortexM3\ARM_GCC_541\Debug\Cm3Start.o
                0x000015c0                __init_array_end = .
                0x000015c0                . = ALIGN (0x4)
 *(.fini)
 .fini          0x000015c0        0x4 d:/psoc/psoc creator/4.4/psoc creator/import/gnu/arm/5.4.1/bin/../lib/gcc/arm-none-eabi/5.4.1/armv7-m/crti.o
                0x000015c0                _fini
 .fini          0x000015c4        0x8 d:/psoc/psoc creator/4.4/psoc creator/import/gnu/arm/5.4.1/bin/../lib/gcc/arm-none-eabi/5.4.1/armv7-m/crtn.o
                0x000015cc                . = ALIGN (0x4)
                0x000015cc                __fini_array_start = .
 *(.fini_array)
 .fini_array    0x000015cc        0x4 d:/psoc/psoc creator/4.4/psoc creator/import/gnu/arm/5.4.1/bin/../lib/gcc/arm-none-eabi/5.4.1/armv7-m/crtbegin.o
 *(SORT(.fini_array.*))
                0x000015d0                __fini_array_end = .
                0x000015d0                . = ALIGN (0x4)
 *crtbegin.o(.ctors)
 *(EXCLUDE_FILE(*crtend.o) .ctors)
 *(SORT(.ctors.*))
 *crtend.o(.ctors)
                0x000015d0                . = ALIGN (0x4)
 *crtbegin.o(.dtors)
 *(EXCLUDE_FILE(*crtend.o) .dtors)
 *(SORT(.dtors.*))
 *crtend.o(.dtors)
                0x000015d0                . = ALIGN (0x4)
                0x000015d0                __cy_regions = .
                0x000015d0        0x4 LONG 0x15e0 __cy_region_init_ram
                0x000015d4        0x4 LONG 0x1fff80c8 __cy_region_start_data
                0x000015d8        0x4 LONG 0x80 __cy_region_init_size_ram
                0x000015dc        0x4 LONG 0x48 __cy_region_zero_size_ram
                0x000015e0                __cy_regions_end = .
                0x000015e0                . = ALIGN (0x8)
                0x000015e0                _etext = .

.cy_checksum_exclude
                0x000015e0        0x0
 *(.cy_checksum_exclude)

.ramvectors     0x1fff8000       0xc0
                0x1fff8000                __cy_region_start_ram = .
 *(.ramvectors)
 .ramvectors    0x1fff8000       0xc0 .\CortexM3\ARM_GCC_541\Debug\Cm3Start.o
                0x1fff8000                CyRamVectors

.noinit         0x1fff80c0        0x1
 *(.noinit)
 .noinit        0x1fff80c0        0x1 .\CortexM3\ARM_GCC_541\Debug\Design01.a(CyLib.o)
                0x1fff80c0                CyResetStatus

.data           0x1fff80c8       0x80 load address 0x000015e0
                0x1fff80c8                __cy_region_start_data = .
 *(.jcr)
 .jcr           0x1fff80c8        0x0 d:/psoc/psoc creator/4.4/psoc creator/import/gnu/arm/5.4.1/bin/../lib/gcc/arm-none-eabi/5.4.1/armv7-m/crtbegin.o
 .jcr           0x1fff80c8        0x4 d:/psoc/psoc creator/4.4/psoc creator/import/gnu/arm/5.4.1/bin/../lib/gcc/arm-none-eabi/5.4.1/armv7-m/crtend.o
 *(.got.plt)
 *(.got)
 *(.shdata)
 *(.data .data.* .gnu.linkonce.d.*)
 .data          0x1fff80cc       0x10 .\CortexM3\ARM_GCC_541\Debug\Design01.a(CyLib.o)
                0x1fff80cc                cydelay_32k_ms
                0x1fff80d0                cydelay_freq_khz
                0x1fff80d4                cydelay_freq_mhz
                0x1fff80d8                cydelay_freq_hz
 .data          0x1fff80dc        0x1 .\CortexM3\ARM_GCC_541\Debug\Design01.a(ADC.o)
                0x1fff80dc                ADC_Config
 .data          0x1fff80dd        0x1 .\CortexM3\ARM_GCC_541\Debug\Design01.a(ADC_AMux.o)
 *fill*         0x1fff80de        0x2 
 .data.impure_data
                0x1fff80e0       0x60 d:/psoc/psoc creator/4.4/psoc creator/import/gnu/arm/5.4.1/bin/../lib/gcc/arm-none-eabi/5.4.1/../../../../arm-none-eabi/lib/armv7-m\libg_nano.a(lib_a-impure.o)
 .data._impure_ptr
                0x1fff8140        0x4 d:/psoc/psoc creator/4.4/psoc creator/import/gnu/arm/5.4.1/bin/../lib/gcc/arm-none-eabi/5.4.1/../../../../arm-none-eabi/lib/armv7-m\libg_nano.a(lib_a-impure.o)
                0x1fff8140                _impure_ptr
                0x1fff8148                . = ALIGN (0x8)
 *fill*         0x1fff8144        0x4 
 *(.ram)
                0x1fff8148                _edata = .

.igot.plt       0x1fff8148        0x0 load address 0x00001660
 .igot.plt      0x1fff8148        0x0 d:/psoc/psoc creator/4.4/psoc creator/import/gnu/arm/5.4.1/bin/../lib/gcc/arm-none-eabi/5.4.1/armv7-m/crtbegin.o

.bss            0x1fff8148       0x48 load address 0x00001660
                0x1fff8148                PROVIDE (__bss_start__, .)
 *(.shbss)
 *(.bss .bss.* .gnu.linkonce.b.*)
 .bss           0x1fff8148       0x1c d:/psoc/psoc creator/4.4/psoc creator/import/gnu/arm/5.4.1/bin/../lib/gcc/arm-none-eabi/5.4.1/armv7-m/crtbegin.o
 .bss           0x1fff8164        0x1 .\CortexM3\ARM_GCC_541\Debug\main.o
                0x1fff8164                j
 .bss           0x1fff8165        0x2 .\CortexM3\ARM_GCC_541\Debug\Design01.a(LCD.o)
                0x1fff8165                LCD_enableState
                0x1fff8166                LCD_initVar
 *fill*         0x1fff8167        0x1 
 .bss           0x1fff8168       0x18 .\CortexM3\ARM_GCC_541\Debug\Design01.a(ADC.o)
                0x1fff8178                ADC_stopConversion
                0x1fff8179                ADC_convDone
                0x1fff817a                ADC_initVar
                0x1fff817b                ADC_started
                0x1fff817c                ADC_Offset
 .bss           0x1fff8180        0x1 .\CortexM3\ARM_GCC_541\Debug\Design01.a(Timer.o)
                0x1fff8180                Timer_initVar
 .bss           0x1fff8181        0x1 .\CortexM3\ARM_GCC_541\Debug\Design01.a(PWM.o)
                0x1fff8181                PWM_initVar
 .bss           0x1fff8182        0x2 .\CortexM3\ARM_GCC_541\Debug\Design01.a(UART.o)
                0x1fff8182                UART_initVar
 *(COMMON)
 COMMON         0x1fff8184        0x1 .\CortexM3\ARM_GCC_541\Debug\main.o
                0x1fff8184                rxData
 *fill*         0x1fff8185        0x3 
 COMMON         0x1fff8188        0x4 .\CortexM3\ARM_GCC_541\Debug\Design01.a(ADC.o)
                0x1fff8188                ADC_CountsPerVolt
                0x1fff8190                . = ALIGN (0x8)
 *fill*         0x1fff818c        0x4 
 *(.ram.b)
                0x1fff8190                _end = .
                0x1fff8190                __end = .
                0x1fff8190                PROVIDE (end, .)
                0x1fff8190                PROVIDE (__bss_end__, .)
                0x000015e0                __cy_region_init_ram = LOADADDR (.data)
                0x00000080                __cy_region_init_size_ram = (_edata - ADDR (.data))
                0x00000048                __cy_region_zero_size_ram = (_end - _edata)

.heap           0x1fff8190       0x80 load address 0x00001660
                0x1fff8190                . = _end
                0x1fff8210                . = (. + 0x80)
 *fill*         0x1fff8190       0x80 
                0x1fff8210                __cy_heap_limit = .

.stack          0x20007800      0x800
                0x20007800                __cy_stack_limit = .
                0x20008000                . = (. + 0x800)
 *fill*         0x20007800      0x800 
                0x00000001                ASSERT ((__cy_stack_limit >= __cy_heap_limit), region RAM overflowed with stack)
                0x00000000                cy_checksum_exclude_size = (CY_APPL_LOADABLE == 0x1)?SIZEOF (.cy_checksum_exclude):0x0
                0x00000001                ASSERT ((cy_checksum_exclude_size <= CY_CHECKSUM_EXCLUDE_SIZE), CY_BOOT: Section .cy_checksum_exclude size exceedes specified limit.)

.cyloadermeta
 *(.cyloadermeta)

.cyloadablemeta
 *(.cyloadablemeta)

.cyconfigecc    0x80000000      0x538
 *(.cyconfigecc)
 .cyconfigecc   0x80000000      0x538 .\CortexM3\ARM_GCC_541\Debug\cymetadata.o
                0x80000000                cy_meta_configecc

.cycustnvl      0x90000000        0x4
 *(.cycustnvl)
 .cycustnvl     0x90000000        0x4 .\CortexM3\ARM_GCC_541\Debug\cymetadata.o
                0x90000000                cy_meta_custnvl

.cywolatch      0x90100000        0x4
 *(.cywolatch)
 .cywolatch     0x90100000        0x4 .\CortexM3\ARM_GCC_541\Debug\cymetadata.o
                0x90100000                cy_meta_wonvl

.cyeeprom       0x90200000        0x0
 *(.cyeeprom)
                0x00000001                ASSERT ((. <= ((0x90200000 + ee_offset) + ee_size)), .cyeeprom data will not fit in EEPROM)

.cyflashprotect
                0x90400000      0x100
 *(.cyflashprotect)
 .cyflashprotect
                0x90400000      0x100 .\CortexM3\ARM_GCC_541\Debug\cymetadata.o
                0x90400000                cy_meta_flashprotect

.cymeta         0x90500000        0xc
 *(.cymeta)
 .cymeta        0x90500000        0xc .\CortexM3\ARM_GCC_541\Debug\cymetadata.o
                0x90500000                cy_metadata

.rel.dyn        0x00001660        0x0 load address 0x9050000c
 .rel.iplt      0x00001660        0x0 d:/psoc/psoc creator/4.4/psoc creator/import/gnu/arm/5.4.1/bin/../lib/gcc/arm-none-eabi/5.4.1/armv7-m/crtbegin.o

.stab
 *(.stab)

.stabstr
 *(.stabstr)

.debug
 *(.debug)

.line
 *(.line)

.debug_srcinfo
 *(.debug_srcinfo)

.debug_sfnames
 *(.debug_sfnames)

.debug_aranges  0x00000000      0xc18
 *(.debug_aranges)
 .debug_aranges
                0x00000000       0x38 .\CortexM3\ARM_GCC_541\Debug\main.o
 .debug_aranges
                0x00000038       0x68 .\CortexM3\ARM_GCC_541\Debug\cyfitter_cfg.o
 .debug_aranges
                0x000000a0       0x18 .\CortexM3\ARM_GCC_541\Debug\cymetadata.o
 .debug_aranges
                0x000000b8       0x48 .\CortexM3\ARM_GCC_541\Debug\Cm3Start.o
 .debug_aranges
                0x00000100       0x38 .\CortexM3\ARM_GCC_541\Debug\Design01.a(LED01.o)
 .debug_aranges
                0x00000138       0x38 .\CortexM3\ARM_GCC_541\Debug\Design01.a(LED02.o)
 .debug_aranges
                0x00000170      0x2a0 .\CortexM3\ARM_GCC_541\Debug\Design01.a(CyLib.o)
 .debug_aranges
                0x00000410       0x98 .\CortexM3\ARM_GCC_541\Debug\Design01.a(cyPm.o)
 .debug_aranges
                0x000004a8       0x38 .\CortexM3\ARM_GCC_541\Debug\Design01.a(LED03.o)
 .debug_aranges
                0x000004e0       0x38 .\CortexM3\ARM_GCC_541\Debug\Design01.a(LED04.o)
 .debug_aranges
                0x00000518       0x98 .\CortexM3\ARM_GCC_541\Debug\Design01.a(LCD.o)
 .debug_aranges
                0x000005b0       0xe8 .\CortexM3\ARM_GCC_541\Debug\Design01.a(ADC.o)
 .debug_aranges
                0x00000698       0x38 .\CortexM3\ARM_GCC_541\Debug\Design01.a(ADC_INT.o)
 .debug_aranges
                0x000006d0       0x30 .\CortexM3\ARM_GCC_541\Debug\Design01.a(ADC_AMux.o)
 .debug_aranges
                0x00000700       0x70 .\CortexM3\ARM_GCC_541\Debug\Design01.a(ADC_Ext_CP_Clk.o)
 .debug_aranges
                0x00000770       0x80 .\CortexM3\ARM_GCC_541\Debug\Design01.a(ADC_theACLK.o)
 .debug_aranges
                0x000007f0       0x88 .\CortexM3\ARM_GCC_541\Debug\Design01.a(Timer.o)
 .debug_aranges
                0x00000878       0x98 .\CortexM3\ARM_GCC_541\Debug\Design01.a(PWM.o)
 .debug_aranges
                0x00000910       0xf0 .\CortexM3\ARM_GCC_541\Debug\Design01.a(UART.o)
 .debug_aranges
                0x00000a00       0x70 .\CortexM3\ARM_GCC_541\Debug\Design01.a(UART_IntClock.o)
 .debug_aranges
                0x00000a70       0x80 .\CortexM3\ARM_GCC_541\Debug\Design01.a(isr_uart_rx.o)
 .debug_aranges
                0x00000af0       0x20 .\CortexM3\ARM_GCC_541\Debug\Design01.a(CyBootAsmGnu.o)
 .debug_aranges
                0x00000b10       0x88 .\CortexM3\ARM_GCC_541\Debug\Design01.a(CyFlash.o)
 .debug_aranges
                0x00000b98       0x80 .\CortexM3\ARM_GCC_541\Debug\Design01.a(CySpc.o)

.debug_pubnames
 *(.debug_pubnames)

.debug_info     0x00000000     0x6a6b
 *(.debug_info .gnu.linkonce.wi.*)
 .debug_info    0x00000000      0x481 .\CortexM3\ARM_GCC_541\Debug\main.o
 .debug_info    0x00000481      0x6b3 .\CortexM3\ARM_GCC_541\Debug\cyfitter_cfg.o
 .debug_info    0x00000b34      0x136 .\CortexM3\ARM_GCC_541\Debug\cymetadata.o
 .debug_info    0x00000c6a      0x3bb .\CortexM3\ARM_GCC_541\Debug\Cm3Start.o
 .debug_info    0x00001025      0x11f .\CortexM3\ARM_GCC_541\Debug\Design01.a(LED01.o)
 .debug_info    0x00001144      0x11f .\CortexM3\ARM_GCC_541\Debug\Design01.a(LED02.o)
 .debug_info    0x00001263     0x1374 .\CortexM3\ARM_GCC_541\Debug\Design01.a(CyLib.o)
 .debug_info    0x000025d7      0xa2a .\CortexM3\ARM_GCC_541\Debug\Design01.a(cyPm.o)
 .debug_info    0x00003001      0x11f .\CortexM3\ARM_GCC_541\Debug\Design01.a(LED03.o)
 .debug_info    0x00003120      0x11f .\CortexM3\ARM_GCC_541\Debug\Design01.a(LED04.o)
 .debug_info    0x0000323f      0x715 .\CortexM3\ARM_GCC_541\Debug\Design01.a(LCD.o)
 .debug_info    0x00003954      0xbee .\CortexM3\ARM_GCC_541\Debug\Design01.a(ADC.o)
 .debug_info    0x00004542       0xd3 .\CortexM3\ARM_GCC_541\Debug\Design01.a(ADC_INT.o)
 .debug_info    0x00004615      0x165 .\CortexM3\ARM_GCC_541\Debug\Design01.a(ADC_AMux.o)
 .debug_info    0x0000477a      0x283 .\CortexM3\ARM_GCC_541\Debug\Design01.a(ADC_Ext_CP_Clk.o)
 .debug_info    0x000049fd      0x2c4 .\CortexM3\ARM_GCC_541\Debug\Design01.a(ADC_theACLK.o)
 .debug_info    0x00004cc1      0x295 .\CortexM3\ARM_GCC_541\Debug\Design01.a(Timer.o)
 .debug_info    0x00004f56      0x354 .\CortexM3\ARM_GCC_541\Debug\Design01.a(PWM.o)
 .debug_info    0x000052aa      0x60c .\CortexM3\ARM_GCC_541\Debug\Design01.a(UART.o)
 .debug_info    0x000058b6      0x283 .\CortexM3\ARM_GCC_541\Debug\Design01.a(UART_IntClock.o)
 .debug_info    0x00005b39      0x2d2 .\CortexM3\ARM_GCC_541\Debug\Design01.a(isr_uart_rx.o)
 .debug_info    0x00005e0b       0xc3 .\CortexM3\ARM_GCC_541\Debug\Design01.a(CyBootAsmGnu.o)
 .debug_info    0x00005ece      0x64d .\CortexM3\ARM_GCC_541\Debug\Design01.a(CyFlash.o)
 .debug_info    0x0000651b      0x550 .\CortexM3\ARM_GCC_541\Debug\Design01.a(CySpc.o)

.debug_abbrev   0x00000000     0x1c62
 *(.debug_abbrev)
 .debug_abbrev  0x00000000      0x14b .\CortexM3\ARM_GCC_541\Debug\main.o
 .debug_abbrev  0x0000014b      0x22d .\CortexM3\ARM_GCC_541\Debug\cyfitter_cfg.o
 .debug_abbrev  0x00000378       0x77 .\CortexM3\ARM_GCC_541\Debug\cymetadata.o
 .debug_abbrev  0x000003ef      0x1e8 .\CortexM3\ARM_GCC_541\Debug\Cm3Start.o
 .debug_abbrev  0x000005d7       0x90 .\CortexM3\ARM_GCC_541\Debug\Design01.a(LED01.o)
 .debug_abbrev  0x00000667       0x90 .\CortexM3\ARM_GCC_541\Debug\Design01.a(LED02.o)
 .debug_abbrev  0x000006f7      0x254 .\CortexM3\ARM_GCC_541\Debug\Design01.a(CyLib.o)
 .debug_abbrev  0x0000094b      0x1ab .\CortexM3\ARM_GCC_541\Debug\Design01.a(cyPm.o)
 .debug_abbrev  0x00000af6       0x90 .\CortexM3\ARM_GCC_541\Debug\Design01.a(LED03.o)
 .debug_abbrev  0x00000b86       0x90 .\CortexM3\ARM_GCC_541\Debug\Design01.a(LED04.o)
 .debug_abbrev  0x00000c16      0x157 .\CortexM3\ARM_GCC_541\Debug\Design01.a(LCD.o)
 .debug_abbrev  0x00000d6d      0x1eb .\CortexM3\ARM_GCC_541\Debug\Design01.a(ADC.o)
 .debug_abbrev  0x00000f58       0x42 .\CortexM3\ARM_GCC_541\Debug\Design01.a(ADC_INT.o)
 .debug_abbrev  0x00000f9a       0xb1 .\CortexM3\ARM_GCC_541\Debug\Design01.a(ADC_AMux.o)
 .debug_abbrev  0x0000104b      0x139 .\CortexM3\ARM_GCC_541\Debug\Design01.a(ADC_Ext_CP_Clk.o)
 .debug_abbrev  0x00001184      0x121 .\CortexM3\ARM_GCC_541\Debug\Design01.a(ADC_theACLK.o)
 .debug_abbrev  0x000012a5      0x11a .\CortexM3\ARM_GCC_541\Debug\Design01.a(Timer.o)
 .debug_abbrev  0x000013bf      0x133 .\CortexM3\ARM_GCC_541\Debug\Design01.a(PWM.o)
 .debug_abbrev  0x000014f2      0x175 .\CortexM3\ARM_GCC_541\Debug\Design01.a(UART.o)
 .debug_abbrev  0x00001667      0x139 .\CortexM3\ARM_GCC_541\Debug\Design01.a(UART_IntClock.o)
 .debug_abbrev  0x000017a0      0x173 .\CortexM3\ARM_GCC_541\Debug\Design01.a(isr_uart_rx.o)
 .debug_abbrev  0x00001913       0x14 .\CortexM3\ARM_GCC_541\Debug\Design01.a(CyBootAsmGnu.o)
 .debug_abbrev  0x00001927      0x1a7 .\CortexM3\ARM_GCC_541\Debug\Design01.a(CyFlash.o)
 .debug_abbrev  0x00001ace      0x194 .\CortexM3\ARM_GCC_541\Debug\Design01.a(CySpc.o)

.debug_line     0x00000000     0x2bf7
 *(.debug_line)
 .debug_line    0x00000000      0x200 .\CortexM3\ARM_GCC_541\Debug\main.o
 .debug_line    0x00000200      0x20d .\CortexM3\ARM_GCC_541\Debug\cyfitter_cfg.o
 .debug_line    0x0000040d      0x113 .\CortexM3\ARM_GCC_541\Debug\cymetadata.o
 .debug_line    0x00000520      0x206 .\CortexM3\ARM_GCC_541\Debug\Cm3Start.o
 .debug_line    0x00000726       0x92 .\CortexM3\ARM_GCC_541\Debug\Design01.a(LED01.o)
 .debug_line    0x000007b8       0x92 .\CortexM3\ARM_GCC_541\Debug\Design01.a(LED02.o)
 .debug_line    0x0000084a      0x816 .\CortexM3\ARM_GCC_541\Debug\Design01.a(CyLib.o)
 .debug_line    0x00001060      0x367 .\CortexM3\ARM_GCC_541\Debug\Design01.a(cyPm.o)
 .debug_line    0x000013c7       0x92 .\CortexM3\ARM_GCC_541\Debug\Design01.a(LED03.o)
 .debug_line    0x00001459       0x92 .\CortexM3\ARM_GCC_541\Debug\Design01.a(LED04.o)
 .debug_line    0x000014eb      0x1dc .\CortexM3\ARM_GCC_541\Debug\Design01.a(LCD.o)
 .debug_line    0x000016c7      0x3c1 .\CortexM3\ARM_GCC_541\Debug\Design01.a(ADC.o)
 .debug_line    0x00001a88       0x80 .\CortexM3\ARM_GCC_541\Debug\Design01.a(ADC_INT.o)
 .debug_line    0x00001b08       0xac .\CortexM3\ARM_GCC_541\Debug\Design01.a(ADC_AMux.o)
 .debug_line    0x00001bb4      0x17d .\CortexM3\ARM_GCC_541\Debug\Design01.a(ADC_Ext_CP_Clk.o)
 .debug_line    0x00001d31      0x19d .\CortexM3\ARM_GCC_541\Debug\Design01.a(ADC_theACLK.o)
 .debug_line    0x00001ece      0x153 .\CortexM3\ARM_GCC_541\Debug\Design01.a(Timer.o)
 .debug_line    0x00002021      0x186 .\CortexM3\ARM_GCC_541\Debug\Design01.a(PWM.o)
 .debug_line    0x000021a7      0x2bc .\CortexM3\ARM_GCC_541\Debug\Design01.a(UART.o)
 .debug_line    0x00002463      0x17c .\CortexM3\ARM_GCC_541\Debug\Design01.a(UART_IntClock.o)
 .debug_line    0x000025df      0x138 .\CortexM3\ARM_GCC_541\Debug\Design01.a(isr_uart_rx.o)
 .debug_line    0x00002717       0x66 .\CortexM3\ARM_GCC_541\Debug\Design01.a(CyBootAsmGnu.o)
 .debug_line    0x0000277d      0x21a .\CortexM3\ARM_GCC_541\Debug\Design01.a(CyFlash.o)
 .debug_line    0x00002997      0x260 .\CortexM3\ARM_GCC_541\Debug\Design01.a(CySpc.o)

.debug_frame    0x00000000     0x1df0
 *(.debug_frame)
 .debug_frame   0x00000000       0x84 .\CortexM3\ARM_GCC_541\Debug\main.o
 .debug_frame   0x00000084      0x104 .\CortexM3\ARM_GCC_541\Debug\cyfitter_cfg.o
 .debug_frame   0x00000188       0xb8 .\CortexM3\ARM_GCC_541\Debug\Cm3Start.o
 .debug_frame   0x00000240       0x50 .\CortexM3\ARM_GCC_541\Debug\Design01.a(LED01.o)
 .debug_frame   0x00000290       0x50 .\CortexM3\ARM_GCC_541\Debug\Design01.a(LED02.o)
 .debug_frame   0x000002e0      0x738 .\CortexM3\ARM_GCC_541\Debug\Design01.a(CyLib.o)
 .debug_frame   0x00000a18      0x1f8 .\CortexM3\ARM_GCC_541\Debug\Design01.a(cyPm.o)
 .debug_frame   0x00000c10       0x50 .\CortexM3\ARM_GCC_541\Debug\Design01.a(LED03.o)
 .debug_frame   0x00000c60       0x50 .\CortexM3\ARM_GCC_541\Debug\Design01.a(LED04.o)
 .debug_frame   0x00000cb0      0x1e8 .\CortexM3\ARM_GCC_541\Debug\Design01.a(LCD.o)
 .debug_frame   0x00000e98      0x284 .\CortexM3\ARM_GCC_541\Debug\Design01.a(ADC.o)
 .debug_frame   0x0000111c       0x50 .\CortexM3\ARM_GCC_541\Debug\Design01.a(ADC_INT.o)
 .debug_frame   0x0000116c       0x64 .\CortexM3\ARM_GCC_541\Debug\Design01.a(ADC_AMux.o)
 .debug_frame   0x000011d0       0xe0 .\CortexM3\ARM_GCC_541\Debug\Design01.a(ADC_Ext_CP_Clk.o)
 .debug_frame   0x000012b0      0x100 .\CortexM3\ARM_GCC_541\Debug\Design01.a(ADC_theACLK.o)
 .debug_frame   0x000013b0      0x108 .\CortexM3\ARM_GCC_541\Debug\Design01.a(Timer.o)
 .debug_frame   0x000014b8      0x134 .\CortexM3\ARM_GCC_541\Debug\Design01.a(PWM.o)
 .debug_frame   0x000015ec      0x250 .\CortexM3\ARM_GCC_541\Debug\Design01.a(UART.o)
 .debug_frame   0x0000183c       0xe0 .\CortexM3\ARM_GCC_541\Debug\Design01.a(UART_IntClock.o)
 .debug_frame   0x0000191c      0x104 .\CortexM3\ARM_GCC_541\Debug\Design01.a(isr_uart_rx.o)
 .debug_frame   0x00001a20      0x194 .\CortexM3\ARM_GCC_541\Debug\Design01.a(CyFlash.o)
 .debug_frame   0x00001bb4      0x180 .\CortexM3\ARM_GCC_541\Debug\Design01.a(CySpc.o)
 .debug_frame   0x00001d34       0x20 d:/psoc/psoc creator/4.4/psoc creator/import/gnu/arm/5.4.1/bin/../lib/gcc/arm-none-eabi/5.4.1/../../../../arm-none-eabi/lib/armv7-m\libg_nano.a(lib_a-errno.o)
 .debug_frame   0x00001d54       0x28 d:/psoc/psoc creator/4.4/psoc creator/import/gnu/arm/5.4.1/bin/../lib/gcc/arm-none-eabi/5.4.1/../../../../arm-none-eabi/lib/armv7-m\libg_nano.a(lib_a-exit.o)
 .debug_frame   0x00001d7c       0x2c d:/psoc/psoc creator/4.4/psoc creator/import/gnu/arm/5.4.1/bin/../lib/gcc/arm-none-eabi/5.4.1/../../../../arm-none-eabi/lib/armv7-m\libg_nano.a(lib_a-init.o)
 .debug_frame   0x00001da8       0x28 d:/psoc/psoc creator/4.4/psoc creator/import/gnu/arm/5.4.1/bin/../lib/gcc/arm-none-eabi/5.4.1/../../../../arm-none-eabi/lib/armv7-m\libg_nano.a(lib_a-memcpy-stub.o)
 .debug_frame   0x00001dd0       0x20 d:/psoc/psoc creator/4.4/psoc creator/import/gnu/arm/5.4.1/bin/../lib/gcc/arm-none-eabi/5.4.1/../../../../arm-none-eabi/lib/armv7-m\libg_nano.a(lib_a-memset.o)

.debug_str      0x00000000     0x2519
 *(.debug_str)
 .debug_str     0x00000000      0x32b .\CortexM3\ARM_GCC_541\Debug\main.o
                                0x394 (size before relaxing)
 .debug_str     0x0000032b      0x202 .\CortexM3\ARM_GCC_541\Debug\cyfitter_cfg.o
                                0x3c3 (size before relaxing)
 .debug_str     0x0000052d       0x75 .\CortexM3\ARM_GCC_541\Debug\cymetadata.o
                                0x217 (size before relaxing)
 .debug_str     0x000005a2      0x144 .\CortexM3\ARM_GCC_541\Debug\Cm3Start.o
                                0x33d (size before relaxing)
 .debug_str     0x000006e6       0x54 .\CortexM3\ARM_GCC_541\Debug\Design01.a(LED01.o)
                                0x215 (size before relaxing)
 .debug_str     0x0000073a       0x4f .\CortexM3\ARM_GCC_541\Debug\Design01.a(LED02.o)
                                0x215 (size before relaxing)
 .debug_str     0x00000789      0x840 .\CortexM3\ARM_GCC_541\Debug\Design01.a(CyLib.o)
                                0xa7a (size before relaxing)
 .debug_str     0x00000fc9      0x365 .\CortexM3\ARM_GCC_541\Debug\Design01.a(cyPm.o)
                                0x766 (size before relaxing)
 .debug_str     0x0000132e       0x4f .\CortexM3\ARM_GCC_541\Debug\Design01.a(LED03.o)
                                0x215 (size before relaxing)
 .debug_str     0x0000137d       0x4f .\CortexM3\ARM_GCC_541\Debug\Design01.a(LED04.o)
                                0x215 (size before relaxing)
 .debug_str     0x000013cc      0x124 .\CortexM3\ARM_GCC_541\Debug\Design01.a(LCD.o)
                                0x35e (size before relaxing)
 .debug_str     0x000014f0      0x36b .\CortexM3\ARM_GCC_541\Debug\Design01.a(ADC.o)
                                0x5fc (size before relaxing)
 .debug_str     0x0000185b       0x45 .\CortexM3\ARM_GCC_541\Debug\Design01.a(ADC_INT.o)
                                0x1f3 (size before relaxing)
 .debug_str     0x000018a0       0x5f .\CortexM3\ARM_GCC_541\Debug\Design01.a(ADC_AMux.o)
                                0x232 (size before relaxing)
 .debug_str     0x000018ff      0x16d .\CortexM3\ARM_GCC_541\Debug\Design01.a(ADC_Ext_CP_Clk.o)
                                0x375 (size before relaxing)
 .debug_str     0x00001a6c      0x14f .\CortexM3\ARM_GCC_541\Debug\Design01.a(ADC_theACLK.o)
                                0x394 (size before relaxing)
 .debug_str     0x00001bbb      0x14f .\CortexM3\ARM_GCC_541\Debug\Design01.a(Timer.o)
                                0x328 (size before relaxing)
 .debug_str     0x00001d0a      0x121 .\CortexM3\ARM_GCC_541\Debug\Design01.a(PWM.o)
                                0x36b (size before relaxing)
 .debug_str     0x00001e2b      0x229 .\CortexM3\ARM_GCC_541\Debug\Design01.a(UART.o)
                                0x4a8 (size before relaxing)
 .debug_str     0x00002054      0x138 .\CortexM3\ARM_GCC_541\Debug\Design01.a(UART_IntClock.o)
                                0x369 (size before relaxing)
 .debug_str     0x0000218c      0x126 .\CortexM3\ARM_GCC_541\Debug\Design01.a(isr_uart_rx.o)
                                0x32d (size before relaxing)
 .debug_str     0x000022b2      0x1bb .\CortexM3\ARM_GCC_541\Debug\Design01.a(CyFlash.o)
                                0x3f3 (size before relaxing)
 .debug_str     0x0000246d       0xac .\CortexM3\ARM_GCC_541\Debug\Design01.a(CySpc.o)
                                0x36b (size before relaxing)

.debug_loc      0x00000000     0x2ccf
 *(.debug_loc)
 .debug_loc     0x00000000       0x13 .\CortexM3\ARM_GCC_541\Debug\main.o
 .debug_loc     0x00000013      0x29c .\CortexM3\ARM_GCC_541\Debug\cyfitter_cfg.o
 .debug_loc     0x000002af      0x144 .\CortexM3\ARM_GCC_541\Debug\Cm3Start.o
 .debug_loc     0x000003f3       0x42 .\CortexM3\ARM_GCC_541\Debug\Design01.a(LED01.o)
 .debug_loc     0x00000435       0x42 .\CortexM3\ARM_GCC_541\Debug\Design01.a(LED02.o)
 .debug_loc     0x00000477      0xa11 .\CortexM3\ARM_GCC_541\Debug\Design01.a(CyLib.o)
 .debug_loc     0x00000e88      0x1e4 .\CortexM3\ARM_GCC_541\Debug\Design01.a(cyPm.o)
 .debug_loc     0x0000106c       0x42 .\CortexM3\ARM_GCC_541\Debug\Design01.a(LED03.o)
 .debug_loc     0x000010ae       0x42 .\CortexM3\ARM_GCC_541\Debug\Design01.a(LED04.o)
 .debug_loc     0x000010f0      0x3c6 .\CortexM3\ARM_GCC_541\Debug\Design01.a(LCD.o)
 .debug_loc     0x000014b6      0x681 .\CortexM3\ARM_GCC_541\Debug\Design01.a(ADC.o)
 .debug_loc     0x00001b37       0x6c .\CortexM3\ARM_GCC_541\Debug\Design01.a(ADC_AMux.o)
 .debug_loc     0x00001ba3      0x12c .\CortexM3\ARM_GCC_541\Debug\Design01.a(ADC_Ext_CP_Clk.o)
 .debug_loc     0x00001ccf      0x14d .\CortexM3\ARM_GCC_541\Debug\Design01.a(ADC_theACLK.o)
 .debug_loc     0x00001e1c       0x26 .\CortexM3\ARM_GCC_541\Debug\Design01.a(PWM.o)
 .debug_loc     0x00001e42      0x258 .\CortexM3\ARM_GCC_541\Debug\Design01.a(UART.o)
 .debug_loc     0x0000209a      0x128 .\CortexM3\ARM_GCC_541\Debug\Design01.a(UART_IntClock.o)
 .debug_loc     0x000021c2       0x56 .\CortexM3\ARM_GCC_541\Debug\Design01.a(isr_uart_rx.o)
 .debug_loc     0x00002218      0x3b2 .\CortexM3\ARM_GCC_541\Debug\Design01.a(CyFlash.o)
 .debug_loc     0x000025ca      0x705 .\CortexM3\ARM_GCC_541\Debug\Design01.a(CySpc.o)

.debug_macinfo
 *(.debug_macinfo)

.debug_ranges   0x00000000      0xa80
 *(.debug_ranges)
 .debug_ranges  0x00000000       0x28 .\CortexM3\ARM_GCC_541\Debug\main.o
 .debug_ranges  0x00000028       0x58 .\CortexM3\ARM_GCC_541\Debug\cyfitter_cfg.o
 .debug_ranges  0x00000080       0x38 .\CortexM3\ARM_GCC_541\Debug\Cm3Start.o
 .debug_ranges  0x000000b8       0x28 .\CortexM3\ARM_GCC_541\Debug\Design01.a(LED01.o)
 .debug_ranges  0x000000e0       0x28 .\CortexM3\ARM_GCC_541\Debug\Design01.a(LED02.o)
 .debug_ranges  0x00000108      0x290 .\CortexM3\ARM_GCC_541\Debug\Design01.a(CyLib.o)
 .debug_ranges  0x00000398       0x88 .\CortexM3\ARM_GCC_541\Debug\Design01.a(cyPm.o)
 .debug_ranges  0x00000420       0x28 .\CortexM3\ARM_GCC_541\Debug\Design01.a(LED03.o)
 .debug_ranges  0x00000448       0x28 .\CortexM3\ARM_GCC_541\Debug\Design01.a(LED04.o)
 .debug_ranges  0x00000470       0x88 .\CortexM3\ARM_GCC_541\Debug\Design01.a(LCD.o)
 .debug_ranges  0x000004f8       0xd8 .\CortexM3\ARM_GCC_541\Debug\Design01.a(ADC.o)
 .debug_ranges  0x000005d0       0x28 .\CortexM3\ARM_GCC_541\Debug\Design01.a(ADC_INT.o)
 .debug_ranges  0x000005f8       0x20 .\CortexM3\ARM_GCC_541\Debug\Design01.a(ADC_AMux.o)
 .debug_ranges  0x00000618       0x60 .\CortexM3\ARM_GCC_541\Debug\Design01.a(ADC_Ext_CP_Clk.o)
 .debug_ranges  0x00000678       0x70 .\CortexM3\ARM_GCC_541\Debug\Design01.a(ADC_theACLK.o)
 .debug_ranges  0x000006e8       0x78 .\CortexM3\ARM_GCC_541\Debug\Design01.a(Timer.o)
 .debug_ranges  0x00000760       0x88 .\CortexM3\ARM_GCC_541\Debug\Design01.a(PWM.o)
 .debug_ranges  0x000007e8       0xe0 .\CortexM3\ARM_GCC_541\Debug\Design01.a(UART.o)
 .debug_ranges  0x000008c8       0x60 .\CortexM3\ARM_GCC_541\Debug\Design01.a(UART_IntClock.o)
 .debug_ranges  0x00000928       0x70 .\CortexM3\ARM_GCC_541\Debug\Design01.a(isr_uart_rx.o)
 .debug_ranges  0x00000998       0x78 .\CortexM3\ARM_GCC_541\Debug\Design01.a(CyFlash.o)
 .debug_ranges  0x00000a10       0x70 .\CortexM3\ARM_GCC_541\Debug\Design01.a(CySpc.o)

.comment        0x00000000       0x6e
 .comment       0x00000000       0x6e .\CortexM3\ARM_GCC_541\Debug\main.o
                                 0x6f (size before relaxing)
 .comment       0x0000006e       0x6f .\CortexM3\ARM_GCC_541\Debug\cyfitter_cfg.o
 .comment       0x0000006e       0x6f .\CortexM3\ARM_GCC_541\Debug\cymetadata.o
 .comment       0x0000006e       0x6f .\CortexM3\ARM_GCC_541\Debug\Cm3Start.o
 .comment       0x0000006e       0x6f .\CortexM3\ARM_GCC_541\Debug\Design01.a(LED01.o)
 .comment       0x0000006e       0x6f .\CortexM3\ARM_GCC_541\Debug\Design01.a(LED02.o)
 .comment       0x0000006e       0x6f .\CortexM3\ARM_GCC_541\Debug\Design01.a(CyLib.o)
 .comment       0x0000006e       0x6f .\CortexM3\ARM_GCC_541\Debug\Design01.a(cyPm.o)
 .comment       0x0000006e       0x6f .\CortexM3\ARM_GCC_541\Debug\Design01.a(LED03.o)
 .comment       0x0000006e       0x6f .\CortexM3\ARM_GCC_541\Debug\Design01.a(LED04.o)
 .comment       0x0000006e       0x6f .\CortexM3\ARM_GCC_541\Debug\Design01.a(LCD.o)
 .comment       0x0000006e       0x6f .\CortexM3\ARM_GCC_541\Debug\Design01.a(ADC.o)
 .comment       0x0000006e       0x6f .\CortexM3\ARM_GCC_541\Debug\Design01.a(ADC_INT.o)
 .comment       0x0000006e       0x6f .\CortexM3\ARM_GCC_541\Debug\Design01.a(ADC_AMux.o)
 .comment       0x0000006e       0x6f .\CortexM3\ARM_GCC_541\Debug\Design01.a(ADC_Ext_CP_Clk.o)
 .comment       0x0000006e       0x6f .\CortexM3\ARM_GCC_541\Debug\Design01.a(ADC_theACLK.o)
 .comment       0x0000006e       0x6f .\CortexM3\ARM_GCC_541\Debug\Design01.a(Timer.o)
 .comment       0x0000006e       0x6f .\CortexM3\ARM_GCC_541\Debug\Design01.a(PWM.o)
 .comment       0x0000006e       0x6f .\CortexM3\ARM_GCC_541\Debug\Design01.a(UART.o)
 .comment       0x0000006e       0x6f .\CortexM3\ARM_GCC_541\Debug\Design01.a(UART_IntClock.o)
 .comment       0x0000006e       0x6f .\CortexM3\ARM_GCC_541\Debug\Design01.a(isr_uart_rx.o)
 .comment       0x0000006e       0x6f .\CortexM3\ARM_GCC_541\Debug\Design01.a(CyFlash.o)
 .comment       0x0000006e       0x6f .\CortexM3\ARM_GCC_541\Debug\Design01.a(CySpc.o)

.debug_weaknames
 *(.debug_weaknames)

.debug_funcnames
 *(.debug_funcnames)

.debug_typenames
 *(.debug_typenames)

.debug_varnames
 *(.debug_varnames)

.note.gnu.arm.ident
 *(.note.gnu.arm.ident)

.ARM.attributes
                0x00000000       0x29
 *(.ARM.attributes)
 .ARM.attributes
                0x00000000       0x1d d:/psoc/psoc creator/4.4/psoc creator/import/gnu/arm/5.4.1/bin/../lib/gcc/arm-none-eabi/5.4.1/armv7-m/crti.o
 .ARM.attributes
                0x0000001d       0x2d d:/psoc/psoc creator/4.4/psoc creator/import/gnu/arm/5.4.1/bin/../lib/gcc/arm-none-eabi/5.4.1/armv7-m/crtbegin.o
 .ARM.attributes
                0x0000004a       0x1b d:/psoc/psoc creator/4.4/psoc creator/import/gnu/arm/5.4.1/bin/../lib/gcc/arm-none-eabi/5.4.1/../../../../arm-none-eabi/lib/armv7-m/crt0.o
 .ARM.attributes
                0x00000065       0x33 .\CortexM3\ARM_GCC_541\Debug\main.o
 .ARM.attributes
                0x00000098       0x33 .\CortexM3\ARM_GCC_541\Debug\cyfitter_cfg.o
 .ARM.attributes
                0x000000cb       0x33 .\CortexM3\ARM_GCC_541\Debug\cymetadata.o
 .ARM.attributes
                0x000000fe       0x33 .\CortexM3\ARM_GCC_541\Debug\Cm3Start.o
 .ARM.attributes
                0x00000131       0x33 .\CortexM3\ARM_GCC_541\Debug\Design01.a(LED01.o)
 .ARM.attributes
                0x00000164       0x33 .\CortexM3\ARM_GCC_541\Debug\Design01.a(LED02.o)
 .ARM.attributes
                0x00000197       0x33 .\CortexM3\ARM_GCC_541\Debug\Design01.a(CyLib.o)
 .ARM.attributes
                0x000001ca       0x33 .\CortexM3\ARM_GCC_541\Debug\Design01.a(cyPm.o)
 .ARM.attributes
                0x000001fd       0x33 .\CortexM3\ARM_GCC_541\Debug\Design01.a(LED03.o)
 .ARM.attributes
                0x00000230       0x33 .\CortexM3\ARM_GCC_541\Debug\Design01.a(LED04.o)
 .ARM.attributes
                0x00000263       0x33 .\CortexM3\ARM_GCC_541\Debug\Design01.a(LCD.o)
 .ARM.attributes
                0x00000296       0x33 .\CortexM3\ARM_GCC_541\Debug\Design01.a(ADC.o)
 .ARM.attributes
                0x000002c9       0x33 .\CortexM3\ARM_GCC_541\Debug\Design01.a(ADC_INT.o)
 .ARM.attributes
                0x000002fc       0x33 .\CortexM3\ARM_GCC_541\Debug\Design01.a(ADC_AMux.o)
 .ARM.attributes
                0x0000032f       0x33 .\CortexM3\ARM_GCC_541\Debug\Design01.a(ADC_Ext_CP_Clk.o)
 .ARM.attributes
                0x00000362       0x33 .\CortexM3\ARM_GCC_541\Debug\Design01.a(ADC_theACLK.o)
 .ARM.attributes
                0x00000395       0x33 .\CortexM3\ARM_GCC_541\Debug\Design01.a(Timer.o)
 .ARM.attributes
                0x000003c8       0x33 .\CortexM3\ARM_GCC_541\Debug\Design01.a(PWM.o)
 .ARM.attributes
                0x000003fb       0x33 .\CortexM3\ARM_GCC_541\Debug\Design01.a(UART.o)
 .ARM.attributes
                0x0000042e       0x33 .\CortexM3\ARM_GCC_541\Debug\Design01.a(UART_IntClock.o)
 .ARM.attributes
                0x00000461       0x33 .\CortexM3\ARM_GCC_541\Debug\Design01.a(isr_uart_rx.o)
 .ARM.attributes
                0x00000494       0x21 .\CortexM3\ARM_GCC_541\Debug\Design01.a(CyBootAsmGnu.o)
 .ARM.attributes
                0x000004b5       0x33 .\CortexM3\ARM_GCC_541\Debug\Design01.a(CyFlash.o)
 .ARM.attributes
                0x000004e8       0x33 .\CortexM3\ARM_GCC_541\Debug\Design01.a(CySpc.o)
 .ARM.attributes
                0x0000051b       0x1d d:/psoc/psoc creator/4.4/psoc creator/import/gnu/arm/5.4.1/bin/../lib/gcc/arm-none-eabi/5.4.1/armv7-m\libgcc.a(_arm_addsubdf3.o)
 .ARM.attributes
                0x00000538       0x1d d:/psoc/psoc creator/4.4/psoc creator/import/gnu/arm/5.4.1/bin/../lib/gcc/arm-none-eabi/5.4.1/armv7-m\libgcc.a(_arm_cmpdf2.o)
 .ARM.attributes
                0x00000555       0x1d d:/psoc/psoc creator/4.4/psoc creator/import/gnu/arm/5.4.1/bin/../lib/gcc/arm-none-eabi/5.4.1/armv7-m\libgcc.a(_arm_addsubsf3.o)
 .ARM.attributes
                0x00000572       0x1d d:/psoc/psoc creator/4.4/psoc creator/import/gnu/arm/5.4.1/bin/../lib/gcc/arm-none-eabi/5.4.1/armv7-m\libgcc.a(_arm_muldivsf3.o)
 .ARM.attributes
                0x0000058f       0x1d d:/psoc/psoc creator/4.4/psoc creator/import/gnu/arm/5.4.1/bin/../lib/gcc/arm-none-eabi/5.4.1/armv7-m\libgcc.a(_arm_fixunssfsi.o)
 .ARM.attributes
                0x000005ac       0x2d d:/psoc/psoc creator/4.4/psoc creator/import/gnu/arm/5.4.1/bin/../lib/gcc/arm-none-eabi/5.4.1/../../../../arm-none-eabi/lib/armv7-m\libg_nano.a(lib_a-errno.o)
 .ARM.attributes
                0x000005d9       0x2d d:/psoc/psoc creator/4.4/psoc creator/import/gnu/arm/5.4.1/bin/../lib/gcc/arm-none-eabi/5.4.1/../../../../arm-none-eabi/lib/armv7-m\libg_nano.a(lib_a-exit.o)
 .ARM.attributes
                0x00000606       0x2d d:/psoc/psoc creator/4.4/psoc creator/import/gnu/arm/5.4.1/bin/../lib/gcc/arm-none-eabi/5.4.1/../../../../arm-none-eabi/lib/armv7-m\libg_nano.a(lib_a-impure.o)
 .ARM.attributes
                0x00000633       0x2d d:/psoc/psoc creator/4.4/psoc creator/import/gnu/arm/5.4.1/bin/../lib/gcc/arm-none-eabi/5.4.1/../../../../arm-none-eabi/lib/armv7-m\libg_nano.a(lib_a-init.o)
 .ARM.attributes
                0x00000660       0x2d d:/psoc/psoc creator/4.4/psoc creator/import/gnu/arm/5.4.1/bin/../lib/gcc/arm-none-eabi/5.4.1/../../../../arm-none-eabi/lib/armv7-m\libg_nano.a(lib_a-memcpy-stub.o)
 .ARM.attributes
                0x0000068d       0x2d d:/psoc/psoc creator/4.4/psoc creator/import/gnu/arm/5.4.1/bin/../lib/gcc/arm-none-eabi/5.4.1/../../../../arm-none-eabi/lib/armv7-m\libg_nano.a(lib_a-memset.o)
 .ARM.attributes
                0x000006ba       0x2d d:/psoc/psoc creator/4.4/psoc creator/import/gnu/arm/5.4.1/bin/../lib/gcc/arm-none-eabi/5.4.1/armv7-m/crtend.o
 .ARM.attributes
                0x000006e7       0x1d d:/psoc/psoc creator/4.4/psoc creator/import/gnu/arm/5.4.1/bin/../lib/gcc/arm-none-eabi/5.4.1/armv7-m/crtn.o

/DISCARD/
 *(.note.GNU-stack)
OUTPUT(D:\Polytech\MA1 2022-2023 ULB\Q2\ELEC-H310 -- Digital Electronics\Coding\INFO_H310\Lab03\Lab03_MySelf\Design01.cydsn\CortexM3\ARM_GCC_541\Debug\Design01.elf elf32-littlearm)
