Archive member included to satisfy reference by file (symbol)

.\CortexM3\ARM_GCC_541\Debug\Design01.a(LED01.o)
                              .\CortexM3\ARM_GCC_541\Debug\main.o (LED01_Write)
.\CortexM3\ARM_GCC_541\Debug\Design01.a(LED02.o)
                              .\CortexM3\ARM_GCC_541\Debug\main.o (LED02_Write)
.\CortexM3\ARM_GCC_541\Debug\Design01.a(CyLib.o)
                              .\CortexM3\ARM_GCC_541\Debug\Cm3Start.o (CyHalt)
.\CortexM3\ARM_GCC_541\Debug\Design01.a(cyPm.o)
                              .\CortexM3\ARM_GCC_541\Debug\Design01.a(CyLib.o) (CyPmReadStatus)
.\CortexM3\ARM_GCC_541\Debug\Design01.a(LED03.o)
                              .\CortexM3\ARM_GCC_541\Debug\main.o (LED03_Write)
.\CortexM3\ARM_GCC_541\Debug\Design01.a(LED04.o)
                              .\CortexM3\ARM_GCC_541\Debug\main.o (LED04_Write)
.\CortexM3\ARM_GCC_541\Debug\Design01.a(TOP.o)
                              .\CortexM3\ARM_GCC_541\Debug\main.o (TOP_Read)
.\CortexM3\ARM_GCC_541\Debug\Design01.a(DOWN.o)
                              .\CortexM3\ARM_GCC_541\Debug\main.o (DOWN_Read)
.\CortexM3\ARM_GCC_541\Debug\Design01.a(LCD.o)
                              .\CortexM3\ARM_GCC_541\Debug\main.o (LCD_PrintString)
.\CortexM3\ARM_GCC_541\Debug\Design01.a(ROW0.o)
                              .\CortexM3\ARM_GCC_541\Debug\keypad.o (ROW0_Read)
.\CortexM3\ARM_GCC_541\Debug\Design01.a(ROW1.o)
                              .\CortexM3\ARM_GCC_541\Debug\keypad.o (ROW1_Read)
.\CortexM3\ARM_GCC_541\Debug\Design01.a(ROW2.o)
                              .\CortexM3\ARM_GCC_541\Debug\keypad.o (ROW2_Read)
.\CortexM3\ARM_GCC_541\Debug\Design01.a(ROW3.o)
                              .\CortexM3\ARM_GCC_541\Debug\keypad.o (ROW3_Read)
.\CortexM3\ARM_GCC_541\Debug\Design01.a(COL1.o)
                              .\CortexM3\ARM_GCC_541\Debug\keypad.o (COL1_Write)
.\CortexM3\ARM_GCC_541\Debug\Design01.a(COL2.o)
                              .\CortexM3\ARM_GCC_541\Debug\keypad.o (COL2_Write)
.\CortexM3\ARM_GCC_541\Debug\Design01.a(COL3.o)
                              .\CortexM3\ARM_GCC_541\Debug\keypad.o (COL3_Write)
.\CortexM3\ARM_GCC_541\Debug\Design01.a(ADC.o)
                              .\CortexM3\ARM_GCC_541\Debug\main.o (ADC_Start)
.\CortexM3\ARM_GCC_541\Debug\Design01.a(ADC_INT.o)
                              .\CortexM3\ARM_GCC_541\Debug\Design01.a(ADC.o) (ADC_ISR1)
.\CortexM3\ARM_GCC_541\Debug\Design01.a(ADC_AMux.o)
                              .\CortexM3\ARM_GCC_541\Debug\Design01.a(ADC.o) (ADC_AMux_Select)
.\CortexM3\ARM_GCC_541\Debug\Design01.a(ADC_Ext_CP_Clk.o)
                              .\CortexM3\ARM_GCC_541\Debug\Design01.a(ADC.o) (ADC_Ext_CP_Clk_SetModeRegister)
.\CortexM3\ARM_GCC_541\Debug\Design01.a(ADC_theACLK.o)
                              .\CortexM3\ARM_GCC_541\Debug\Design01.a(ADC.o) (ADC_theACLK_SetModeRegister)
.\CortexM3\ARM_GCC_541\Debug\Design01.a(CyBootAsmGnu.o)
                              .\CortexM3\ARM_GCC_541\Debug\cyfitter_cfg.o (CyDelayCycles)
.\CortexM3\ARM_GCC_541\Debug\Design01.a(CyFlash.o)
                              .\CortexM3\ARM_GCC_541\Debug\Design01.a(cyPm.o) (CyFlash_SetWaitCycles)
.\CortexM3\ARM_GCC_541\Debug\Design01.a(CySpc.o)
                              .\CortexM3\ARM_GCC_541\Debug\Design01.a(CyFlash.o) (CySpcStart)
d:/psoc/psoc creator/4.4/psoc creator/import/gnu/arm/5.4.1/bin/../lib/gcc/arm-none-eabi/5.4.1/armv7-m\libgcc.a(_arm_addsubdf3.o)
                              .\CortexM3\ARM_GCC_541\Debug\Design01.a(ADC.o) (__aeabi_f2d)
d:/psoc/psoc creator/4.4/psoc creator/import/gnu/arm/5.4.1/bin/../lib/gcc/arm-none-eabi/5.4.1/armv7-m\libgcc.a(_arm_cmpdf2.o)
                              .\CortexM3\ARM_GCC_541\Debug\Design01.a(ADC.o) (__aeabi_dcmpgt)
d:/psoc/psoc creator/4.4/psoc creator/import/gnu/arm/5.4.1/bin/../lib/gcc/arm-none-eabi/5.4.1/armv7-m\libgcc.a(_arm_addsubsf3.o)
                              .\CortexM3\ARM_GCC_541\Debug\Design01.a(ADC.o) (__aeabi_ui2f)
d:/psoc/psoc creator/4.4/psoc creator/import/gnu/arm/5.4.1/bin/../lib/gcc/arm-none-eabi/5.4.1/armv7-m\libgcc.a(_arm_muldivsf3.o)
                              .\CortexM3\ARM_GCC_541\Debug\Design01.a(ADC.o) (__aeabi_fmul)
d:/psoc/psoc creator/4.4/psoc creator/import/gnu/arm/5.4.1/bin/../lib/gcc/arm-none-eabi/5.4.1/armv7-m\libgcc.a(_arm_fixunssfsi.o)
                              .\CortexM3\ARM_GCC_541\Debug\Design01.a(ADC.o) (__aeabi_f2uiz)
d:/psoc/psoc creator/4.4/psoc creator/import/gnu/arm/5.4.1/bin/../lib/gcc/arm-none-eabi/5.4.1/../../../../arm-none-eabi/lib/armv7-m\libg_nano.a(lib_a-errno.o)
                              .\CortexM3\ARM_GCC_541\Debug\Cm3Start.o (__errno)
d:/psoc/psoc creator/4.4/psoc creator/import/gnu/arm/5.4.1/bin/../lib/gcc/arm-none-eabi/5.4.1/../../../../arm-none-eabi/lib/armv7-m\libg_nano.a(lib_a-exit.o)
                              d:/psoc/psoc creator/4.4/psoc creator/import/gnu/arm/5.4.1/bin/../lib/gcc/arm-none-eabi/5.4.1/../../../../arm-none-eabi/lib/armv7-m/crt0.o (exit)
[...]
Memory Configuration

Name             Origin             Length             Attributes
rom              0x00000000         0x00040000         xr
ram              0x1fff8000         0x00010000         xrw
*default*        0x00000000         0xffffffff

Linker script and memory map

LOAD d:/psoc/psoc creator/4.4/psoc creator/import/gnu/arm/5.4.1/bin/../lib/gcc/arm-none-eabi/5.4.1/armv7-m/crti.o
LOAD d:/psoc/psoc creator/4.4/psoc creator/import/gnu/arm/5.4.1/bin/../lib/gcc/arm-none-eabi/5.4.1/armv7-m/crtbegin.o
LOAD d:/psoc/psoc creator/4.4/psoc creator/import/gnu/arm/5.4.1/bin/../lib/gcc/arm-none-eabi/5.4.1/../../../../arm-none-eabi/lib/armv7-m/crt0.o
START GROUP
LOAD .\CortexM3\ARM_GCC_541\Debug\main.o
LOAD .\CortexM3\ARM_GCC_541\Debug\keypad.o
LOAD .\CortexM3\ARM_GCC_541\Debug\cyfitter_cfg.o
LOAD .\CortexM3\ARM_GCC_541\Debug\cymetadata.o
LOAD .\CortexM3\ARM_GCC_541\Debug\Cm3Start.o
LOAD .\CortexM3\ARM_GCC_541\Debug\Design01.a
LOAD D:\PSoC\PSoC Creator\4.4\PSoC Creator\psoc\content\cycomponentlibrary\CyComponentLibrary.cylib\CortexM3\ARM_GCC_541\Debug\CyComponentLibrary.a
END GROUP
START GROUP
LOAD d:/psoc/psoc creator/4.4/psoc creator/import/gnu/arm/5.4.1/bin/../lib/gcc/arm-none-eabi/5.4.1/armv7-m\libgcc.a
LOAD d:/psoc/psoc creator/4.4/psoc creator/import/gnu/arm/5.4.1/bin/../lib/gcc/arm-none-eabi/5.4.1/../../../../arm-none-eabi/lib/armv7-m\libg_nano.a
LOAD d:/psoc/psoc creator/4.4/psoc creator/import/gnu/arm/5.4.1/bin/../lib/gcc/arm-none-eabi/5.4.1/../../../../arm-none-eabi/lib/armv7-m\libc_nano.a
END GROUP
START GROUP
LOAD d:/psoc/psoc creator/4.4/psoc creator/import/gnu/arm/5.4.1/bin/../lib/gcc/arm-none-eabi/5.4.1/armv7-m\libgcc.a
LOAD d:/psoc/psoc creator/4.4/psoc creator/import/gnu/arm/5.4.1/bin/../lib/gcc/arm-none-eabi/5.4.1/../../../../arm-none-eabi/lib/armv7-m\libc_nano.a
END GROUP
LOAD d:/psoc/psoc creator/4.4/psoc creator/import/gnu/arm/5.4.1/bin/../lib/gcc/arm-none-eabi/5.4.1/armv7-m/crtend.o
LOAD d:/psoc/psoc creator/4.4/psoc creator/import/gnu/arm/5.4.1/bin/../lib/gcc/arm-none-eabi/5.4.1/armv7-m/crtn.o
START GROUP
LOAD d:/psoc/psoc creator/4.4/psoc creator/import/gnu/arm/5.4.1/bin/../lib/gcc/arm-none-eabi/5.4.1/armv7-m\libgcc.a
LOAD d:/psoc/psoc creator/4.4/psoc creator/import/gnu/arm/5.4.1/bin/../lib/gcc/arm-none-eabi/5.4.1/../../../../arm-none-eabi/lib/armv7-m\libc.a
LOAD d:/psoc/psoc creator/4.4/psoc creator/import/gnu/arm/5.4.1/bin/../lib/gcc/arm-none-eabi/5.4.1/../../../../arm-none-eabi/lib/armv7-m\libnosys.a
END GROUP
                0x00000000                CY_APPL_ORIGIN = 0x0
                0x00000100                CY_FLASH_ROW_SIZE = 0x100
                0x00000020                CY_ECC_ROW_SIZE = 0x20
                0x00000000                CY_EE_IN_BTLDR = 0x0
                0x00000000                CY_APPL_LOADABLE = 0x0
                0x00000800                CY_EE_SIZE = 0x800
                0x00000001                CY_APPL_NUM = 0x1
                0x00000001                CY_APPL_MAX = 0x1
                0x00000040                CY_METADATA_SIZE = 0x40
                0x00000000                CY_APPL_LOADABLE = 0x0
                0x00000000                CY_CHECKSUM_EXCLUDE_SIZE = ALIGN (0x0, CY_FLASH_ROW_SIZE)
                [!provide]                PROVIDE (__cy_heap_start, _end)
                0x00000001                PROVIDE (__cy_region_num, ((__cy_regions_end - __cy_regions) / 0x10))
                0x20008000                PROVIDE (__cy_stack, (ORIGIN (ram) + LENGTH (ram)))
                [!provide]                PROVIDE (__cy_heap_end, (__cy_stack - 0x800))

.cybootloader   0x00000000        0x0
 *(.cybootloader)
                0x00000000                appl1_start = CY_APPL_ORIGIN?CY_APPL_ORIGIN:ALIGN (CY_FLASH_ROW_SIZE)
                0x0001ff00                appl2_start = (appl1_start + ALIGN ((((LENGTH (rom) - appl1_start) - (0x2 * CY_FLASH_ROW_SIZE)) / 0x2), CY_FLASH_ROW_SIZE))
                0x00000000                appl_start = (CY_APPL_NUM == 0x1)?appl1_start:appl2_start
                0x00000000                ecc_offset = ((appl_start / CY_FLASH_ROW_SIZE) * CY_ECC_ROW_SIZE)
                0x00000000                ee_offset = (CY_APPL_LOADABLE && ! (CY_EE_IN_BTLDR))?((CY_EE_SIZE / CY_APPL_MAX) * (CY_APPL_NUM - 0x1)):0x0
                0x00000800                ee_size = (CY_APPL_LOADABLE && ! (CY_EE_IN_BTLDR))?(CY_EE_SIZE / CY_APPL_MAX):CY_EE_SIZE
                [!provide]                PROVIDE (CY_ECC_OFFSET, ecc_offset)

.text           0x00000000     0x1376
 CREATE_OBJECT_SYMBOLS
                0x00000000                PROVIDE (__cy_interrupt_vector, RomVectors)
 *(.romvectors)
 .romvectors    0x00000000       0x10 .\CortexM3\ARM_GCC_541\Debug\Cm3Start.o
                0x00000000                RomVectors
                0x00000001                ASSERT ((. != __cy_interrupt_vector), No interrupt vector)
                0x00000001                ASSERT (CY_APPL_ORIGIN?(SIZEOF (.cybootloader) <= CY_APPL_ORIGIN):0x1, Wrong image location)
                0x00000010                PROVIDE (__cy_reset, Reset)
 *(.text.Reset)
 .text.Reset    0x00000010       0x18 .\CortexM3\ARM_GCC_541\Debug\Cm3Start.o
                0x00000010                Reset
                0x00000001                ASSERT ((. != __cy_reset), No reset code)
 *(.dma_init)
                0x00000001                ASSERT ((((appl_start + .) <= 0x10000) || 0x1), DMA Init must be within the first 64k of flash)
 *(.text .text.* .gnu.linkonce.t.*)
 .text          0x00000028       0x5c d:/psoc/psoc creator/4.4/psoc creator/import/gnu/arm/5.4.1/bin/../lib/gcc/arm-none-eabi/5.4.1/armv7-m/crtbegin.o
 .text.Start_F  0x00000084       0x1c .\CortexM3\ARM_GCC_541\Debug\main.o
                0x00000084                Start_F
 .text.LED_off  0x000000a0       0x20 .\CortexM3\ARM_GCC_541\Debug\main.o
                0x000000a0                LED_off
 .text.LED_control
                0x000000c0       0xb4 .\CortexM3\ARM_GCC_541\Debug\main.o
                0x000000c0                LED_control
 .text.Light_control
                0x00000174       0x68 .\CortexM3\ARM_GCC_541\Debug\main.o
                0x00000174                Light_control
 .text.main     0x000001dc       0x18 .\CortexM3\ARM_GCC_541\Debug\main.o
                0x000001dc                main
 .text.CyClockStartupError
                0x000001f4        0x4 .\CortexM3\ARM_GCC_541\Debug\cyfitter_cfg.o
 .text.cfg_write_bytes32
                0x000001f8       0x34 .\CortexM3\ARM_GCC_541\Debug\cyfitter_cfg.o
 .text.AnalogSetDefault
                0x0000022c       0x40 .\CortexM3\ARM_GCC_541\Debug\cyfitter_cfg.o
 .text.CYMEMZERO
                0x0000026c        0xc .\CortexM3\ARM_GCC_541\Debug\cyfitter_cfg.o
 .text.CYCONFIGCPY
                0x00000278        0x8 .\CortexM3\ARM_GCC_541\Debug\cyfitter_cfg.o
 .text.ClockSetup
                0x00000280       0xe4 .\CortexM3\ARM_GCC_541\Debug\cyfitter_cfg.o
 .text.ADC_AMux_Set
                0x00000364       0x1c .\CortexM3\ARM_GCC_541\Debug\cyfitter_cfg.o
                0x00000364                ADC_AMux_Set
 .text.ADC_AMux_Unset
                0x00000380       0x1c .\CortexM3\ARM_GCC_541\Debug\cyfitter_cfg.o
                0x00000380                ADC_AMux_Unset
 .text.cyfitter_cfg
                0x0000039c      0x12c .\CortexM3\ARM_GCC_541\Debug\cyfitter_cfg.o
                0x0000039c                cyfitter_cfg
 .text.IntDefaultHandler
                0x000004c8       0x10 .\CortexM3\ARM_GCC_541\Debug\Cm3Start.o
                0x000004c8                IntDefaultHandler
 .text.Start_c  0x000004d8       0x4c .\CortexM3\ARM_GCC_541\Debug\Cm3Start.o
                0x000004d8                Start_c
 .text.initialize_psoc
                0x00000524       0x68 .\CortexM3\ARM_GCC_541\Debug\Cm3Start.o
                0x00000524                initialize_psoc
 .text.LED01_Write
                0x0000058c       0x18 .\CortexM3\ARM_GCC_541\Debug\Design01.a(LED01.o)
                0x0000058c                LED01_Write
 .text.LED02_Write
                0x000005a4       0x18 .\CortexM3\ARM_GCC_541\Debug\Design01.a(LED02.o)
                0x000005a4                LED02_Write
 .text.CyHalt   0x000005bc        0x4 .\CortexM3\ARM_GCC_541\Debug\Design01.a(CyLib.o)
                0x000005bc                CyHalt
 .text.CyDelay  0x000005c0       0x2c .\CortexM3\ARM_GCC_541\Debug\Design01.a(CyLib.o)
                0x000005c0                CyDelay
 .text.CyDelayUs
                0x000005ec       0x14 .\CortexM3\ARM_GCC_541\Debug\Design01.a(CyLib.o)
                0x000005ec                CyDelayUs
 .text.CyIntSetVector
                0x00000600       0x28 .\CortexM3\ARM_GCC_541\Debug\Design01.a(CyLib.o)
                0x00000600                CyIntSetVector
 .text.CyIntSetPriority
                0x00000628       0x30 .\CortexM3\ARM_GCC_541\Debug\Design01.a(CyLib.o)
                0x00000628                CyIntSetPriority
 .text.LED03_Write
                0x00000658       0x18 .\CortexM3\ARM_GCC_541\Debug\Design01.a(LED03.o)
                0x00000658                LED03_Write
 .text.LED04_Write
                0x00000670       0x18 .\CortexM3\ARM_GCC_541\Debug\Design01.a(LED04.o)
                0x00000670                LED04_Write
 .text.LCD_WrCntrlNib
                0x00000688       0x34 .\CortexM3\ARM_GCC_541\Debug\Design01.a(LCD.o)
 .text.LCD_WrDatNib
                0x000006bc       0x44 .\CortexM3\ARM_GCC_541\Debug\Design01.a(LCD.o)
 .text.LCD_IsReady
                0x00000700       0xe4 .\CortexM3\ARM_GCC_541\Debug\Design01.a(LCD.o)
                0x00000700                LCD_IsReady
 .text.LCD_WriteData
                0x000007e4       0x18 .\CortexM3\ARM_GCC_541\Debug\Design01.a(LCD.o)
                0x000007e4                LCD_WriteData
 .text.LCD_PrintString
                0x000007fc       0x1c .\CortexM3\ARM_GCC_541\Debug\Design01.a(LCD.o)
                0x000007fc                LCD_PrintString
 .text.LCD_PutChar
                0x00000818        0x8 .\CortexM3\ARM_GCC_541\Debug\Design01.a(LCD.o)
                0x00000818                LCD_PutChar
 .text.LCD_WriteControl
                0x00000820       0x18 .\CortexM3\ARM_GCC_541\Debug\Design01.a(LCD.o)
                0x00000820                LCD_WriteControl
 .text.LCD_Init
                0x00000838       0x6c .\CortexM3\ARM_GCC_541\Debug\Design01.a(LCD.o)
                0x00000838                LCD_Init
 .text.LCD_Enable
                0x000008a4       0x14 .\CortexM3\ARM_GCC_541\Debug\Design01.a(LCD.o)
                0x000008a4                LCD_Enable
 .text.LCD_Start
                0x000008b8       0x1c .\CortexM3\ARM_GCC_541\Debug\Design01.a(LCD.o)
                0x000008b8                LCD_Start
 .text.LCD_Position
                0x000008d4       0x3c .\CortexM3\ARM_GCC_541\Debug\Design01.a(LCD.o)
                0x000008d4                LCD_Position
 .text.LCD_PrintU32Number
                0x00000910       0x64 .\CortexM3\ARM_GCC_541\Debug\Design01.a(LCD.o)
                0x00000910                LCD_PrintU32Number
 .text.ADC_GainCompensation
                0x00000974       0xe0 .\CortexM3\ARM_GCC_541\Debug\Design01.a(ADC.o)
 .text.ADC_SetDSMRef0Reg
                0x00000a54       0x4c .\CortexM3\ARM_GCC_541\Debug\Design01.a(ADC.o)
 .text.ADC_InitConfig
                0x00000aa0      0x32c .\CortexM3\ARM_GCC_541\Debug\Design01.a(ADC.o)
 .text.ADC_Init
                0x00000dcc      0x108 .\CortexM3\ARM_GCC_541\Debug\Design01.a(ADC.o)
                0x00000dcc                ADC_Init
 .text.ADC_Enable
                0x00000ed4       0xd8 .\CortexM3\ARM_GCC_541\Debug\Design01.a(ADC.o)
                0x00000ed4                ADC_Enable
 .text.ADC_Start
                0x00000fac       0x28 .\CortexM3\ARM_GCC_541\Debug\Design01.a(ADC.o)
                0x00000fac                ADC_Start
 .text.ADC_StartConvert
                0x00000fd4       0x10 .\CortexM3\ARM_GCC_541\Debug\Design01.a(ADC.o)
                0x00000fd4                ADC_StartConvert
 .text.ADC_IsEndConversion
                0x00000fe4       0x30 .\CortexM3\ARM_GCC_541\Debug\Design01.a(ADC.o)
                0x00000fe4                ADC_IsEndConversion
 .text.ADC_GetResult32
                0x00001014       0x6c .\CortexM3\ARM_GCC_541\Debug\Design01.a(ADC.o)
                0x00001014                ADC_GetResult32
 .text.ADC_ISR1
                0x00001080        0x4 .\CortexM3\ARM_GCC_541\Debug\Design01.a(ADC_INT.o)
                0x00001080                ADC_ISR1
 .text.ADC_ISR2
                0x00001084        0x4 .\CortexM3\ARM_GCC_541\Debug\Design01.a(ADC_INT.o)
                0x00001084                ADC_ISR2
 .text.ADC_ISR3
                0x00001088        0x4 .\CortexM3\ARM_GCC_541\Debug\Design01.a(ADC_INT.o)
                0x00001088                ADC_ISR3
 .text.ADC_ISR4
                0x0000108c        0x4 .\CortexM3\ARM_GCC_541\Debug\Design01.a(ADC_INT.o)
                0x0000108c                ADC_ISR4
 .text.ADC_AMux_Start
                0x00001090       0x20 .\CortexM3\ARM_GCC_541\Debug\Design01.a(ADC_AMux.o)
                0x00001090                ADC_AMux_Start
 .text.ADC_AMux_Select
                0x000010b0       0x18 .\CortexM3\ARM_GCC_541\Debug\Design01.a(ADC_AMux.o)
                0x000010b0                ADC_AMux_Select
 .text.ADC_Ext_CP_Clk_GetDividerRegister
                0x000010c8        0xc .\CortexM3\ARM_GCC_541\Debug\Design01.a(ADC_Ext_CP_Clk.o)
                0x000010c8                ADC_Ext_CP_Clk_GetDividerRegister
 .text.ADC_Ext_CP_Clk_SetModeRegister
                0x000010d4       0x14 .\CortexM3\ARM_GCC_541\Debug\Design01.a(ADC_Ext_CP_Clk.o)
                0x000010d4                ADC_Ext_CP_Clk_SetModeRegister
 .text.ADC_Ext_CP_Clk_GetSourceRegister
                0x000010e8       0x10 .\CortexM3\ARM_GCC_541\Debug\Design01.a(ADC_Ext_CP_Clk.o)
                0x000010e8                ADC_Ext_CP_Clk_GetSourceRegister
 .text.ADC_Ext_CP_Clk_SetDividerRegister
                0x000010f8       0xd8 .\CortexM3\ARM_GCC_541\Debug\Design01.a(ADC_Ext_CP_Clk.o)
                0x000010f8                ADC_Ext_CP_Clk_SetDividerRegister
 .text.ADC_theACLK_GetDividerRegister
                0x000011d0        0xc .\CortexM3\ARM_GCC_541\Debug\Design01.a(ADC_theACLK.o)
                0x000011d0                ADC_theACLK_GetDividerRegister
 .text.ADC_theACLK_SetModeRegister
                0x000011dc       0x14 .\CortexM3\ARM_GCC_541\Debug\Design01.a(ADC_theACLK.o)
                0x000011dc                ADC_theACLK_SetModeRegister
 .text.ADC_theACLK_GetSourceRegister
                0x000011f0       0x10 .\CortexM3\ARM_GCC_541\Debug\Design01.a(ADC_theACLK.o)
                0x000011f0                ADC_theACLK_GetSourceRegister
 .text.ADC_theACLK_SetDividerRegister
                0x00001200       0xd8 .\CortexM3\ARM_GCC_541\Debug\Design01.a(ADC_theACLK.o)
                0x00001200                ADC_theACLK_SetDividerRegister
 .text          0x000012d8       0x20 .\CortexM3\ARM_GCC_541\Debug\Design01.a(CyBootAsmGnu.o)
                0x000012d8                CyDelayCycles
                0x000012e8                CyEnterCriticalSection
                0x000012f0                CyExitCriticalSection
 .text.__errno  0x000012f8        0xc d:/psoc/psoc creator/4.4/psoc creator/import/gnu/arm/5.4.1/bin/../lib/gcc/arm-none-eabi/5.4.1/../../../../arm-none-eabi/lib/armv7-m\libg_nano.a(lib_a-errno.o)
                0x000012f8                __errno
 .text.__libc_init_array
                0x00001304       0x4c d:/psoc/psoc creator/4.4/psoc creator/import/gnu/arm/5.4.1/bin/../lib/gcc/arm-none-eabi/5.4.1/../../../../arm-none-eabi/lib/armv7-m\libg_nano.a(lib_a-init.o)
                0x00001304                __libc_init_array
 .text.memcpy   0x00001350       0x16 d:/psoc/psoc creator/4.4/psoc creator/import/gnu/arm/5.4.1/bin/../lib/gcc/arm-none-eabi/5.4.1/../../../../arm-none-eabi/lib/armv7-m\libg_nano.a(lib_a-memcpy-stub.o)
                0x00001350                memcpy
 .text.memset   0x00001366       0x10 d:/psoc/psoc creator/4.4/psoc creator/import/gnu/arm/5.4.1/bin/../lib/gcc/arm-none-eabi/5.4.1/../../../../arm-none-eabi/lib/armv7-m\libg_nano.a(lib_a-memset.o)
                0x00001366                memset
 *(.plt)
 *(.gnu.warning)
 *(.glue_7t)
 .glue_7t       0x00001376        0x0 linker stubs
 *(.glue_7)
 .glue_7        0x00001376        0x0 linker stubs
 *(.vfp11_veneer)
 .vfp11_veneer  0x00001376        0x0 linker stubs
 *(.bootloader)
 *(.ARM.extab* .gnu.linkonce.armextab.*)
 *(.gcc_except_table)

.v4_bx          0x00001378        0x0
 .v4_bx         0x00001378        0x0 linker stubs

.iplt           0x00001378        0x0
 .iplt          0x00001378        0x0 d:/psoc/psoc creator/4.4/psoc creator/import/gnu/arm/5.4.1/bin/../lib/gcc/arm-none-eabi/5.4.1/armv7-m/crtbegin.o

.eh_frame_hdr
 *(.eh_frame_hdr)

.eh_frame       0x00001378        0x4
 *(.eh_frame)
 .eh_frame      0x00001378        0x0 d:/psoc/psoc creator/4.4/psoc creator/import/gnu/arm/5.4.1/bin/../lib/gcc/arm-none-eabi/5.4.1/armv7-m/crtbegin.o
 .eh_frame      0x00001378        0x4 d:/psoc/psoc creator/4.4/psoc creator/import/gnu/arm/5.4.1/bin/../lib/gcc/arm-none-eabi/5.4.1/armv7-m/crtend.o
                [!provide]                PROVIDE (__exidx_start, .)

.ARM.exidx
 *(.ARM.exidx* .gnu.linkonce.armexidx.*)
                0x0000137c                __exidx_end = .

.rodata         0x0000137c       0x6c
 *(.rodata .rodata.* .gnu.linkonce.r.*)
 .rodata.str1.4
                0x0000137c        0x4 .\CortexM3\ARM_GCC_541\Debug\main.o
 .rodata        0x00001380       0x30 .\CortexM3\ARM_GCC_541\Debug\cyfitter_cfg.o
                0x00001380                ADC_AMux__addrTable
                0x00001388                ADC_AMux__maskTable
 .rodata.str1.1
                0x000013b0        0x2 d:/psoc/psoc creator/4.4/psoc creator/import/gnu/arm/5.4.1/bin/../lib/gcc/arm-none-eabi/5.4.1/../../../../arm-none-eabi/lib/armv7-m\libg_nano.a(lib_a-impure.o)
                0x000013b4                . = ALIGN (0x4)
 *fill*         0x000013b2        0x2 
 *(.init)
 .init          0x000013b4        0x4 d:/psoc/psoc creator/4.4/psoc creator/import/gnu/arm/5.4.1/bin/../lib/gcc/arm-none-eabi/5.4.1/armv7-m/crti.o
                0x000013b4                _init
 .init          0x000013b8        0x8 d:/psoc/psoc creator/4.4/psoc creator/import/gnu/arm/5.4.1/bin/../lib/gcc/arm-none-eabi/5.4.1/armv7-m/crtn.o
                0x000013c0                . = ALIGN (0x4)
                0x000013c0                __preinit_array_start = .
 *(.preinit_array)
                0x000013c0                __preinit_array_end = .
                0x000013c0                . = ALIGN (0x4)
                0x000013c0                __init_array_start = .
 *(SORT(.init_array.*))
 *(.init_array)
 .init_array    0x000013c0        0x4 d:/psoc/psoc creator/4.4/psoc creator/import/gnu/arm/5.4.1/bin/../lib/gcc/arm-none-eabi/5.4.1/armv7-m/crtbegin.o
 .init_array    0x000013c4        0x4 .\CortexM3\ARM_GCC_541\Debug\Cm3Start.o
                0x000013c8                __init_array_end = .
                0x000013c8                . = ALIGN (0x4)
 *(.fini)
 .fini          0x000013c8        0x4 d:/psoc/psoc creator/4.4/psoc creator/import/gnu/arm/5.4.1/bin/../lib/gcc/arm-none-eabi/5.4.1/armv7-m/crti.o
                0x000013c8                _fini
 .fini          0x000013cc        0x8 d:/psoc/psoc creator/4.4/psoc creator/import/gnu/arm/5.4.1/bin/../lib/gcc/arm-none-eabi/5.4.1/armv7-m/crtn.o
                0x000013d4                . = ALIGN (0x4)
                0x000013d4                __fini_array_start = .
 *(.fini_array)
 .fini_array    0x000013d4        0x4 d:/psoc/psoc creator/4.4/psoc creator/import/gnu/arm/5.4.1/bin/../lib/gcc/arm-none-eabi/5.4.1/armv7-m/crtbegin.o
 *(SORT(.fini_array.*))
                0x000013d8                __fini_array_end = .
                0x000013d8                . = ALIGN (0x4)
 *crtbegin.o(.ctors)
 *(EXCLUDE_FILE(*crtend.o) .ctors)
 *(SORT(.ctors.*))
 *crtend.o(.ctors)
                0x000013d8                . = ALIGN (0x4)
 *crtbegin.o(.dtors)
 *(EXCLUDE_FILE(*crtend.o) .dtors)
 *(SORT(.dtors.*))
 *crtend.o(.dtors)
                0x000013d8                . = ALIGN (0x4)
                0x000013d8                __cy_regions = .
                0x000013d8        0x4 LONG 0x13e8 __cy_region_init_ram
                0x000013dc        0x4 LONG 0x1fff80c8 __cy_region_start_data
                0x000013e0        0x4 LONG 0x80 __cy_region_init_size_ram
                0x000013e4        0x4 LONG 0x40 __cy_region_zero_size_ram
                0x000013e8                __cy_regions_end = .
                0x000013e8                . = ALIGN (0x8)
                0x000013e8                _etext = .

.cy_checksum_exclude
                0x000013e8        0x0
 *(.cy_checksum_exclude)

.ramvectors     0x1fff8000       0xc0
                0x1fff8000                __cy_region_start_ram = .
 *(.ramvectors)
 .ramvectors    0x1fff8000       0xc0 .\CortexM3\ARM_GCC_541\Debug\Cm3Start.o
                0x1fff8000                CyRamVectors

.noinit         0x1fff80c0        0x1
 *(.noinit)
 .noinit        0x1fff80c0        0x1 .\CortexM3\ARM_GCC_541\Debug\Design01.a(CyLib.o)
                0x1fff80c0                CyResetStatus

.data           0x1fff80c8       0x80 load address 0x000013e8
                0x1fff80c8                __cy_region_start_data = .
 *(.jcr)
 .jcr           0x1fff80c8        0x0 d:/psoc/psoc creator/4.4/psoc creator/import/gnu/arm/5.4.1/bin/../lib/gcc/arm-none-eabi/5.4.1/armv7-m/crtbegin.o
 .jcr           0x1fff80c8        0x4 d:/psoc/psoc creator/4.4/psoc creator/import/gnu/arm/5.4.1/bin/../lib/gcc/arm-none-eabi/5.4.1/armv7-m/crtend.o
 *(.got.plt)
 *(.got)
 *(.shdata)
 *(.data .data.* .gnu.linkonce.d.*)
 .data          0x1fff80cc       0x10 .\CortexM3\ARM_GCC_541\Debug\Design01.a(CyLib.o)
                0x1fff80cc                cydelay_32k_ms
                0x1fff80d0                cydelay_freq_khz
                0x1fff80d4                cydelay_freq_mhz
                0x1fff80d8                cydelay_freq_hz
 .data          0x1fff80dc        0x1 .\CortexM3\ARM_GCC_541\Debug\Design01.a(ADC.o)
                0x1fff80dc                ADC_Config
 .data          0x1fff80dd        0x1 .\CortexM3\ARM_GCC_541\Debug\Design01.a(ADC_AMux.o)
 *fill*         0x1fff80de        0x2 
 .data.impure_data
                0x1fff80e0       0x60 d:/psoc/psoc creator/4.4/psoc creator/import/gnu/arm/5.4.1/bin/../lib/gcc/arm-none-eabi/5.4.1/../../../../arm-none-eabi/lib/armv7-m\libg_nano.a(lib_a-impure.o)
 .data._impure_ptr
                0x1fff8140        0x4 d:/psoc/psoc creator/4.4/psoc creator/import/gnu/arm/5.4.1/bin/../lib/gcc/arm-none-eabi/5.4.1/../../../../arm-none-eabi/lib/armv7-m\libg_nano.a(lib_a-impure.o)
                0x1fff8140                _impure_ptr
                0x1fff8148                . = ALIGN (0x8)
 *fill*         0x1fff8144        0x4 
 *(.ram)
                0x1fff8148                _edata = .

.igot.plt       0x1fff8148        0x0 load address 0x00001468
 .igot.plt      0x1fff8148        0x0 d:/psoc/psoc creator/4.4/psoc creator/import/gnu/arm/5.4.1/bin/../lib/gcc/arm-none-eabi/5.4.1/armv7-m/crtbegin.o

.bss            0x1fff8148       0x40 load address 0x00001468
                0x1fff8148                PROVIDE (__bss_start__, .)
 *(.shbss)
 *(.bss .bss.* .gnu.linkonce.b.*)
 .bss           0x1fff8148       0x1c d:/psoc/psoc creator/4.4/psoc creator/import/gnu/arm/5.4.1/bin/../lib/gcc/arm-none-eabi/5.4.1/armv7-m/crtbegin.o
 .bss           0x1fff8164        0x2 .\CortexM3\ARM_GCC_541\Debug\Design01.a(LCD.o)
                0x1fff8164                LCD_enableState
                0x1fff8165                LCD_initVar
 *fill*         0x1fff8166        0x2 
 .bss           0x1fff8168       0x18 .\CortexM3\ARM_GCC_541\Debug\Design01.a(ADC.o)
                0x1fff8178                ADC_stopConversion
                0x1fff8179                ADC_convDone
                0x1fff817a                ADC_initVar
                0x1fff817b                ADC_started
                0x1fff817c                ADC_Offset
 *(COMMON)
 COMMON         0x1fff8180        0x4 .\CortexM3\ARM_GCC_541\Debug\Design01.a(ADC.o)
                0x1fff8180                ADC_CountsPerVolt
                0x1fff8188                . = ALIGN (0x8)
 *fill*         0x1fff8184        0x4 
 *(.ram.b)
                0x1fff8188                _end = .
                0x1fff8188                __end = .
                0x1fff8188                PROVIDE (end, .)
                0x1fff8188                PROVIDE (__bss_end__, .)
                0x000013e8                __cy_region_init_ram = LOADADDR (.data)
                0x00000080                __cy_region_init_size_ram = (_edata - ADDR (.data))
                0x00000040                __cy_region_zero_size_ram = (_end - _edata)

.heap           0x1fff8188       0x80 load address 0x00001468
                0x1fff8188                . = _end
                0x1fff8208                . = (. + 0x80)
 *fill*         0x1fff8188       0x80 
                0x1fff8208                __cy_heap_limit = .

.stack          0x20007800      0x800
                0x20007800                __cy_stack_limit = .
                0x20008000                . = (. + 0x800)
 *fill*         0x20007800      0x800 
                0x00000001                ASSERT ((__cy_stack_limit >= __cy_heap_limit), region RAM overflowed with stack)
                0x00000000                cy_checksum_exclude_size = (CY_APPL_LOADABLE == 0x1)?SIZEOF (.cy_checksum_exclude):0x0
                0x00000001                ASSERT ((cy_checksum_exclude_size <= CY_CHECKSUM_EXCLUDE_SIZE), CY_BOOT: Section .cy_checksum_exclude size exceedes specified limit.)

.cyloadermeta
 *(.cyloadermeta)

.cyloadablemeta
 *(.cyloadablemeta)

.cyconfigecc    0x80000000       0xa8
 *(.cyconfigecc)
 .cyconfigecc   0x80000000       0xa8 .\CortexM3\ARM_GCC_541\Debug\cymetadata.o
                0x80000000                cy_meta_configecc

.cycustnvl      0x90000000        0x4
 *(.cycustnvl)
 .cycustnvl     0x90000000        0x4 .\CortexM3\ARM_GCC_541\Debug\cymetadata.o
                0x90000000                cy_meta_custnvl

.cywolatch      0x90100000        0x4
 *(.cywolatch)
 .cywolatch     0x90100000        0x4 .\CortexM3\ARM_GCC_541\Debug\cymetadata.o
                0x90100000                cy_meta_wonvl

.cyeeprom       0x90200000        0x0
 *(.cyeeprom)
                0x00000001                ASSERT ((. <= ((0x90200000 + ee_offset) + ee_size)), .cyeeprom data will not fit in EEPROM)

.cyflashprotect
                0x90400000      0x100
 *(.cyflashprotect)
 .cyflashprotect
                0x90400000      0x100 .\CortexM3\ARM_GCC_541\Debug\cymetadata.o
                0x90400000                cy_meta_flashprotect

.cymeta         0x90500000        0xc
 *(.cymeta)
 .cymeta        0x90500000        0xc .\CortexM3\ARM_GCC_541\Debug\cymetadata.o
                0x90500000                cy_metadata

.rel.dyn        0x00001468        0x0 load address 0x9050000c
 .rel.iplt      0x00001468        0x0 d:/psoc/psoc creator/4.4/psoc creator/import/gnu/arm/5.4.1/bin/../lib/gcc/arm-none-eabi/5.4.1/armv7-m/crtbegin.o

.stab
 *(.stab)

.stabstr
 *(.stabstr)

.debug
 *(.debug)

.line
 *(.line)

.debug_srcinfo
 *(.debug_srcinfo)

.debug_sfnames
 *(.debug_sfnames)

.debug_aranges  0x00000000      0xb68
 *(.debug_aranges)
 .debug_aranges
                0x00000000       0x68 .\CortexM3\ARM_GCC_541\Debug\main.o
 .debug_aranges
                0x00000068       0x28 .\CortexM3\ARM_GCC_541\Debug\keypad.o
 .debug_aranges
                0x00000090       0x68 .\CortexM3\ARM_GCC_541\Debug\cyfitter_cfg.o
 .debug_aranges
                0x000000f8       0x18 .\CortexM3\ARM_GCC_541\Debug\cymetadata.o
 .debug_aranges
                0x00000110       0x48 .\CortexM3\ARM_GCC_541\Debug\Cm3Start.o
 .debug_aranges
                0x00000158       0x38 .\CortexM3\ARM_GCC_541\Debug\Design01.a(LED01.o)
 .debug_aranges
                0x00000190       0x38 .\CortexM3\ARM_GCC_541\Debug\Design01.a(LED02.o)
 .debug_aranges
                0x000001c8      0x2a0 .\CortexM3\ARM_GCC_541\Debug\Design01.a(CyLib.o)
 .debug_aranges
                0x00000468       0x98 .\CortexM3\ARM_GCC_541\Debug\Design01.a(cyPm.o)
 .debug_aranges
                0x00000500       0x38 .\CortexM3\ARM_GCC_541\Debug\Design01.a(LED03.o)
 .debug_aranges
                0x00000538       0x38 .\CortexM3\ARM_GCC_541\Debug\Design01.a(LED04.o)
 .debug_aranges
                0x00000570       0x38 .\CortexM3\ARM_GCC_541\Debug\Design01.a(TOP.o)
 .debug_aranges
                0x000005a8       0x38 .\CortexM3\ARM_GCC_541\Debug\Design01.a(DOWN.o)
 .debug_aranges
                0x000005e0       0x98 .\CortexM3\ARM_GCC_541\Debug\Design01.a(LCD.o)
 .debug_aranges
                0x00000678       0x38 .\CortexM3\ARM_GCC_541\Debug\Design01.a(ROW0.o)
 .debug_aranges
                0x000006b0       0x38 .\CortexM3\ARM_GCC_541\Debug\Design01.a(ROW1.o)
 .debug_aranges
                0x000006e8       0x38 .\CortexM3\ARM_GCC_541\Debug\Design01.a(ROW2.o)
 .debug_aranges
                0x00000720       0x38 .\CortexM3\ARM_GCC_541\Debug\Design01.a(ROW3.o)
 .debug_aranges
                0x00000758       0x38 .\CortexM3\ARM_GCC_541\Debug\Design01.a(COL1.o)
 .debug_aranges
                0x00000790       0x38 .\CortexM3\ARM_GCC_541\Debug\Design01.a(COL2.o)
 .debug_aranges
                0x000007c8       0x38 .\CortexM3\ARM_GCC_541\Debug\Design01.a(COL3.o)
 .debug_aranges
                0x00000800       0xe8 .\CortexM3\ARM_GCC_541\Debug\Design01.a(ADC.o)
 .debug_aranges
                0x000008e8       0x38 .\CortexM3\ARM_GCC_541\Debug\Design01.a(ADC_INT.o)
 .debug_aranges
                0x00000920       0x30 .\CortexM3\ARM_GCC_541\Debug\Design01.a(ADC_AMux.o)
 .debug_aranges
                0x00000950       0x70 .\CortexM3\ARM_GCC_541\Debug\Design01.a(ADC_Ext_CP_Clk.o)
 .debug_aranges
                0x000009c0       0x80 .\CortexM3\ARM_GCC_541\Debug\Design01.a(ADC_theACLK.o)
 .debug_aranges
                0x00000a40       0x20 .\CortexM3\ARM_GCC_541\Debug\Design01.a(CyBootAsmGnu.o)
 .debug_aranges
                0x00000a60       0x88 .\CortexM3\ARM_GCC_541\Debug\Design01.a(CyFlash.o)
 .debug_aranges
                0x00000ae8       0x80 .\CortexM3\ARM_GCC_541\Debug\Design01.a(CySpc.o)

.debug_pubnames
 *(.debug_pubnames)

.debug_info     0x00000000     0x68f2
 *(.debug_info .gnu.linkonce.wi.*)
 .debug_info    0x00000000      0x762 .\CortexM3\ARM_GCC_541\Debug\main.o
 .debug_info    0x00000762      0x380 .\CortexM3\ARM_GCC_541\Debug\keypad.o
 .debug_info    0x00000ae2      0x60e .\CortexM3\ARM_GCC_541\Debug\cyfitter_cfg.o
 .debug_info    0x000010f0      0x134 .\CortexM3\ARM_GCC_541\Debug\cymetadata.o
 .debug_info    0x00001224      0x3bb .\CortexM3\ARM_GCC_541\Debug\Cm3Start.o
 .debug_info    0x000015df      0x11f .\CortexM3\ARM_GCC_541\Debug\Design01.a(LED01.o)
 .debug_info    0x000016fe      0x11f .\CortexM3\ARM_GCC_541\Debug\Design01.a(LED02.o)
 .debug_info    0x0000181d     0x1374 .\CortexM3\ARM_GCC_541\Debug\Design01.a(CyLib.o)
 .debug_info    0x00002b91      0xa2a .\CortexM3\ARM_GCC_541\Debug\Design01.a(cyPm.o)
 .debug_info    0x000035bb      0x11f .\CortexM3\ARM_GCC_541\Debug\Design01.a(LED03.o)
 .debug_info    0x000036da      0x11f .\CortexM3\ARM_GCC_541\Debug\Design01.a(LED04.o)
 .debug_info    0x000037f9      0x11f .\CortexM3\ARM_GCC_541\Debug\Design01.a(TOP.o)
 .debug_info    0x00003918      0x11f .\CortexM3\ARM_GCC_541\Debug\Design01.a(DOWN.o)
 .debug_info    0x00003a37      0x715 .\CortexM3\ARM_GCC_541\Debug\Design01.a(LCD.o)
 .debug_info    0x0000414c      0x11f .\CortexM3\ARM_GCC_541\Debug\Design01.a(ROW0.o)
 .debug_info    0x0000426b      0x11f .\CortexM3\ARM_GCC_541\Debug\Design01.a(ROW1.o)
 .debug_info    0x0000438a      0x11f .\CortexM3\ARM_GCC_541\Debug\Design01.a(ROW2.o)
 .debug_info    0x000044a9      0x11f .\CortexM3\ARM_GCC_541\Debug\Design01.a(ROW3.o)
 .debug_info    0x000045c8      0x11f .\CortexM3\ARM_GCC_541\Debug\Design01.a(COL1.o)
 .debug_info    0x000046e7      0x11f .\CortexM3\ARM_GCC_541\Debug\Design01.a(COL2.o)
 .debug_info    0x00004806      0x11f .\CortexM3\ARM_GCC_541\Debug\Design01.a(COL3.o)
 .debug_info    0x00004925      0xbee .\CortexM3\ARM_GCC_541\Debug\Design01.a(ADC.o)
 .debug_info    0x00005513       0xd3 .\CortexM3\ARM_GCC_541\Debug\Design01.a(ADC_INT.o)
 .debug_info    0x000055e6      0x165 .\CortexM3\ARM_GCC_541\Debug\Design01.a(ADC_AMux.o)
 .debug_info    0x0000574b      0x283 .\CortexM3\ARM_GCC_541\Debug\Design01.a(ADC_Ext_CP_Clk.o)
 .debug_info    0x000059ce      0x2c4 .\CortexM3\ARM_GCC_541\Debug\Design01.a(ADC_theACLK.o)
 .debug_info    0x00005c92       0xc3 .\CortexM3\ARM_GCC_541\Debug\Design01.a(CyBootAsmGnu.o)
 .debug_info    0x00005d55      0x64d .\CortexM3\ARM_GCC_541\Debug\Design01.a(CyFlash.o)
 .debug_info    0x000063a2      0x550 .\CortexM3\ARM_GCC_541\Debug\Design01.a(CySpc.o)

.debug_abbrev   0x00000000     0x1b64
 *(.debug_abbrev)
 .debug_abbrev  0x00000000      0x10f .\CortexM3\ARM_GCC_541\Debug\main.o
 .debug_abbrev  0x0000010f       0xc5 .\CortexM3\ARM_GCC_541\Debug\keypad.o
 .debug_abbrev  0x000001d4      0x21e .\CortexM3\ARM_GCC_541\Debug\cyfitter_cfg.o
 .debug_abbrev  0x000003f2       0x5d .\CortexM3\ARM_GCC_541\Debug\cymetadata.o
 .debug_abbrev  0x0000044f      0x1e8 .\CortexM3\ARM_GCC_541\Debug\Cm3Start.o
 .debug_abbrev  0x00000637       0x90 .\CortexM3\ARM_GCC_541\Debug\Design01.a(LED01.o)
 .debug_abbrev  0x000006c7       0x90 .\CortexM3\ARM_GCC_541\Debug\Design01.a(LED02.o)
 .debug_abbrev  0x00000757      0x254 .\CortexM3\ARM_GCC_541\Debug\Design01.a(CyLib.o)
 .debug_abbrev  0x000009ab      0x1ab .\CortexM3\ARM_GCC_541\Debug\Design01.a(cyPm.o)
 .debug_abbrev  0x00000b56       0x90 .\CortexM3\ARM_GCC_541\Debug\Design01.a(LED03.o)
 .debug_abbrev  0x00000be6       0x90 .\CortexM3\ARM_GCC_541\Debug\Design01.a(LED04.o)
 .debug_abbrev  0x00000c76       0x90 .\CortexM3\ARM_GCC_541\Debug\Design01.a(TOP.o)
 .debug_abbrev  0x00000d06       0x90 .\CortexM3\ARM_GCC_541\Debug\Design01.a(DOWN.o)
 .debug_abbrev  0x00000d96      0x157 .\CortexM3\ARM_GCC_541\Debug\Design01.a(LCD.o)
 .debug_abbrev  0x00000eed       0x90 .\CortexM3\ARM_GCC_541\Debug\Design01.a(ROW0.o)
 .debug_abbrev  0x00000f7d       0x90 .\CortexM3\ARM_GCC_541\Debug\Design01.a(ROW1.o)
 .debug_abbrev  0x0000100d       0x90 .\CortexM3\ARM_GCC_541\Debug\Design01.a(ROW2.o)
 .debug_abbrev  0x0000109d       0x90 .\CortexM3\ARM_GCC_541\Debug\Design01.a(ROW3.o)
 .debug_abbrev  0x0000112d       0x90 .\CortexM3\ARM_GCC_541\Debug\Design01.a(COL1.o)
 .debug_abbrev  0x000011bd       0x90 .\CortexM3\ARM_GCC_541\Debug\Design01.a(COL2.o)
 .debug_abbrev  0x0000124d       0x90 .\CortexM3\ARM_GCC_541\Debug\Design01.a(COL3.o)
 .debug_abbrev  0x000012dd      0x1eb .\CortexM3\ARM_GCC_541\Debug\Design01.a(ADC.o)
 .debug_abbrev  0x000014c8       0x42 .\CortexM3\ARM_GCC_541\Debug\Design01.a(ADC_INT.o)
 .debug_abbrev  0x0000150a       0xb1 .\CortexM3\ARM_GCC_541\Debug\Design01.a(ADC_AMux.o)
 .debug_abbrev  0x000015bb      0x139 .\CortexM3\ARM_GCC_541\Debug\Design01.a(ADC_Ext_CP_Clk.o)
 .debug_abbrev  0x000016f4      0x121 .\CortexM3\ARM_GCC_541\Debug\Design01.a(ADC_theACLK.o)
 .debug_abbrev  0x00001815       0x14 .\CortexM3\ARM_GCC_541\Debug\Design01.a(CyBootAsmGnu.o)
 .debug_abbrev  0x00001829      0x1a7 .\CortexM3\ARM_GCC_541\Debug\Design01.a(CyFlash.o)
 .debug_abbrev  0x000019d0      0x194 .\CortexM3\ARM_GCC_541\Debug\Design01.a(CySpc.o)

.debug_line     0x00000000     0x2ad6
 *(.debug_line)
 .debug_line    0x00000000      0x270 .\CortexM3\ARM_GCC_541\Debug\main.o
 .debug_line    0x00000270      0x1be .\CortexM3\ARM_GCC_541\Debug\keypad.o
 .debug_line    0x0000042e      0x1ef .\CortexM3\ARM_GCC_541\Debug\cyfitter_cfg.o
 .debug_line    0x0000061d      0x113 .\CortexM3\ARM_GCC_541\Debug\cymetadata.o
 .debug_line    0x00000730      0x206 .\CortexM3\ARM_GCC_541\Debug\Cm3Start.o
 .debug_line    0x00000936       0x92 .\CortexM3\ARM_GCC_541\Debug\Design01.a(LED01.o)
 .debug_line    0x000009c8       0x92 .\CortexM3\ARM_GCC_541\Debug\Design01.a(LED02.o)
 .debug_line    0x00000a5a      0x816 .\CortexM3\ARM_GCC_541\Debug\Design01.a(CyLib.o)
 .debug_line    0x00001270      0x367 .\CortexM3\ARM_GCC_541\Debug\Design01.a(cyPm.o)
 .debug_line    0x000015d7       0x92 .\CortexM3\ARM_GCC_541\Debug\Design01.a(LED03.o)
 .debug_line    0x00001669       0x92 .\CortexM3\ARM_GCC_541\Debug\Design01.a(LED04.o)
 .debug_line    0x000016fb       0x90 .\CortexM3\ARM_GCC_541\Debug\Design01.a(TOP.o)
 .debug_line    0x0000178b       0x91 .\CortexM3\ARM_GCC_541\Debug\Design01.a(DOWN.o)
 .debug_line    0x0000181c      0x1dc .\CortexM3\ARM_GCC_541\Debug\Design01.a(LCD.o)
 .debug_line    0x000019f8       0x91 .\CortexM3\ARM_GCC_541\Debug\Design01.a(ROW0.o)
 .debug_line    0x00001a89       0x91 .\CortexM3\ARM_GCC_541\Debug\Design01.a(ROW1.o)
 .debug_line    0x00001b1a       0x91 .\CortexM3\ARM_GCC_541\Debug\Design01.a(ROW2.o)
 .debug_line    0x00001bab       0x91 .\CortexM3\ARM_GCC_541\Debug\Design01.a(ROW3.o)
 .debug_line    0x00001c3c       0x91 .\CortexM3\ARM_GCC_541\Debug\Design01.a(COL1.o)
 .debug_line    0x00001ccd       0x91 .\CortexM3\ARM_GCC_541\Debug\Design01.a(COL2.o)
 .debug_line    0x00001d5e       0x91 .\CortexM3\ARM_GCC_541\Debug\Design01.a(COL3.o)
 .debug_line    0x00001def      0x3c1 .\CortexM3\ARM_GCC_541\Debug\Design01.a(ADC.o)
 .debug_line    0x000021b0       0x80 .\CortexM3\ARM_GCC_541\Debug\Design01.a(ADC_INT.o)
 .debug_line    0x00002230       0xac .\CortexM3\ARM_GCC_541\Debug\Design01.a(ADC_AMux.o)
 .debug_line    0x000022dc      0x17d .\CortexM3\ARM_GCC_541\Debug\Design01.a(ADC_Ext_CP_Clk.o)
 .debug_line    0x00002459      0x19d .\CortexM3\ARM_GCC_541\Debug\Design01.a(ADC_theACLK.o)
 .debug_line    0x000025f6       0x66 .\CortexM3\ARM_GCC_541\Debug\Design01.a(CyBootAsmGnu.o)
 .debug_line    0x0000265c      0x21a .\CortexM3\ARM_GCC_541\Debug\Design01.a(CyFlash.o)
 .debug_line    0x00002876      0x260 .\CortexM3\ARM_GCC_541\Debug\Design01.a(CySpc.o)

.debug_frame    0x00000000     0x1b3c
 *(.debug_frame)
 .debug_frame   0x00000000      0x128 .\CortexM3\ARM_GCC_541\Debug\main.o
 .debug_frame   0x00000128       0x48 .\CortexM3\ARM_GCC_541\Debug\keypad.o
 .debug_frame   0x00000170      0x104 .\CortexM3\ARM_GCC_541\Debug\cyfitter_cfg.o
 .debug_frame   0x00000274       0xb8 .\CortexM3\ARM_GCC_541\Debug\Cm3Start.o
 .debug_frame   0x0000032c       0x50 .\CortexM3\ARM_GCC_541\Debug\Design01.a(LED01.o)
 .debug_frame   0x0000037c       0x50 .\CortexM3\ARM_GCC_541\Debug\Design01.a(LED02.o)
 .debug_frame   0x000003cc      0x738 .\CortexM3\ARM_GCC_541\Debug\Design01.a(CyLib.o)
 .debug_frame   0x00000b04      0x1f8 .\CortexM3\ARM_GCC_541\Debug\Design01.a(cyPm.o)
 .debug_frame   0x00000cfc       0x50 .\CortexM3\ARM_GCC_541\Debug\Design01.a(LED03.o)
 .debug_frame   0x00000d4c       0x50 .\CortexM3\ARM_GCC_541\Debug\Design01.a(LED04.o)
 .debug_frame   0x00000d9c       0x50 .\CortexM3\ARM_GCC_541\Debug\Design01.a(TOP.o)
 .debug_frame   0x00000dec       0x50 .\CortexM3\ARM_GCC_541\Debug\Design01.a(DOWN.o)
 .debug_frame   0x00000e3c      0x1e8 .\CortexM3\ARM_GCC_541\Debug\Design01.a(LCD.o)
 .debug_frame   0x00001024       0x50 .\CortexM3\ARM_GCC_541\Debug\Design01.a(ROW0.o)
 .debug_frame   0x00001074       0x50 .\CortexM3\ARM_GCC_541\Debug\Design01.a(ROW1.o)
 .debug_frame   0x000010c4       0x50 .\CortexM3\ARM_GCC_541\Debug\Design01.a(ROW2.o)
 .debug_frame   0x00001114       0x50 .\CortexM3\ARM_GCC_541\Debug\Design01.a(ROW3.o)
 .debug_frame   0x00001164       0x50 .\CortexM3\ARM_GCC_541\Debug\Design01.a(COL1.o)
 .debug_frame   0x000011b4       0x50 .\CortexM3\ARM_GCC_541\Debug\Design01.a(COL2.o)
 .debug_frame   0x00001204       0x50 .\CortexM3\ARM_GCC_541\Debug\Design01.a(COL3.o)
 .debug_frame   0x00001254      0x284 .\CortexM3\ARM_GCC_541\Debug\Design01.a(ADC.o)
 .debug_frame   0x000014d8       0x50 .\CortexM3\ARM_GCC_541\Debug\Design01.a(ADC_INT.o)
 .debug_frame   0x00001528       0x64 .\CortexM3\ARM_GCC_541\Debug\Design01.a(ADC_AMux.o)
 .debug_frame   0x0000158c       0xe0 .\CortexM3\ARM_GCC_541\Debug\Design01.a(ADC_Ext_CP_Clk.o)
 .debug_frame   0x0000166c      0x100 .\CortexM3\ARM_GCC_541\Debug\Design01.a(ADC_theACLK.o)
 .debug_frame   0x0000176c      0x194 .\CortexM3\ARM_GCC_541\Debug\Design01.a(CyFlash.o)
 .debug_frame   0x00001900      0x180 .\CortexM3\ARM_GCC_541\Debug\Design01.a(CySpc.o)
 .debug_frame   0x00001a80       0x20 d:/psoc/psoc creator/4.4/psoc creator/import/gnu/arm/5.4.1/bin/../lib/gcc/arm-none-eabi/5.4.1/../../../../arm-none-eabi/lib/armv7-m\libg_nano.a(lib_a-errno.o)
 .debug_frame   0x00001aa0       0x28 d:/psoc/psoc creator/4.4/psoc creator/import/gnu/arm/5.4.1/bin/../lib/gcc/arm-none-eabi/5.4.1/../../../../arm-none-eabi/lib/armv7-m\libg_nano.a(lib_a-exit.o)
 .debug_frame   0x00001ac8       0x2c d:/psoc/psoc creator/4.4/psoc creator/import/gnu/arm/5.4.1/bin/../lib/gcc/arm-none-eabi/5.4.1/../../../../arm-none-eabi/lib/armv7-m\libg_nano.a(lib_a-init.o)
 .debug_frame   0x00001af4       0x28 d:/psoc/psoc creator/4.4/psoc creator/import/gnu/arm/5.4.1/bin/../lib/gcc/arm-none-eabi/5.4.1/../../../../arm-none-eabi/lib/armv7-m\libg_nano.a(lib_a-memcpy-stub.o)
 .debug_frame   0x00001b1c       0x20 d:/psoc/psoc creator/4.4/psoc creator/import/gnu/arm/5.4.1/bin/../lib/gcc/arm-none-eabi/5.4.1/../../../../arm-none-eabi/lib/armv7-m\libg_nano.a(lib_a-memset.o)

.debug_str      0x00000000     0x209e
 *(.debug_str)
 .debug_str     0x00000000      0x30c .\CortexM3\ARM_GCC_541\Debug\main.o
                                0x35d (size before relaxing)
 .debug_str     0x0000030c       0x67 .\CortexM3\ARM_GCC_541\Debug\keypad.o
                                0x24f (size before relaxing)
 .debug_str     0x00000373      0x1cc .\CortexM3\ARM_GCC_541\Debug\cyfitter_cfg.o
                                0x38e (size before relaxing)
 .debug_str     0x0000053f       0x75 .\CortexM3\ARM_GCC_541\Debug\cymetadata.o
                                0x217 (size before relaxing)
 .debug_str     0x000005b4      0x144 .\CortexM3\ARM_GCC_541\Debug\Cm3Start.o
                                0x33d (size before relaxing)
 .debug_str     0x000006f8       0x54 .\CortexM3\ARM_GCC_541\Debug\Design01.a(LED01.o)
                                0x215 (size before relaxing)
 .debug_str     0x0000074c       0x44 .\CortexM3\ARM_GCC_541\Debug\Design01.a(LED02.o)
                                0x215 (size before relaxing)
 .debug_str     0x00000790      0x847 .\CortexM3\ARM_GCC_541\Debug\Design01.a(CyLib.o)
                                0xa7a (size before relaxing)
 .debug_str     0x00000fd7      0x365 .\CortexM3\ARM_GCC_541\Debug\Design01.a(cyPm.o)
                                0x766 (size before relaxing)
 .debug_str     0x0000133c       0x4f .\CortexM3\ARM_GCC_541\Debug\Design01.a(LED03.o)
                                0x215 (size before relaxing)
 .debug_str     0x0000138b       0x4f .\CortexM3\ARM_GCC_541\Debug\Design01.a(LED04.o)
                                0x215 (size before relaxing)
 .debug_str     0x000013da       0x48 .\CortexM3\ARM_GCC_541\Debug\Design01.a(TOP.o)
                                0x20b (size before relaxing)
 .debug_str     0x00001422       0x4c .\CortexM3\ARM_GCC_541\Debug\Design01.a(DOWN.o)
                                0x210 (size before relaxing)
 .debug_str     0x0000146e      0x111 .\CortexM3\ARM_GCC_541\Debug\Design01.a(LCD.o)
                                0x35e (size before relaxing)
 .debug_str     0x0000157f       0x4c .\CortexM3\ARM_GCC_541\Debug\Design01.a(ROW0.o)
                                0x210 (size before relaxing)
 .debug_str     0x000015cb       0x4c .\CortexM3\ARM_GCC_541\Debug\Design01.a(ROW1.o)
                                0x210 (size before relaxing)
 .debug_str     0x00001617       0x4c .\CortexM3\ARM_GCC_541\Debug\Design01.a(ROW2.o)
                                0x210 (size before relaxing)
 .debug_str     0x00001663       0x4c .\CortexM3\ARM_GCC_541\Debug\Design01.a(ROW3.o)
                                0x210 (size before relaxing)
 .debug_str     0x000016af       0x4b .\CortexM3\ARM_GCC_541\Debug\Design01.a(COL1.o)
                                0x210 (size before relaxing)
 .debug_str     0x000016fa       0x4b .\CortexM3\ARM_GCC_541\Debug\Design01.a(COL2.o)
                                0x210 (size before relaxing)
 .debug_str     0x00001745       0x4b .\CortexM3\ARM_GCC_541\Debug\Design01.a(COL3.o)
                                0x210 (size before relaxing)
 .debug_str     0x00001790      0x347 .\CortexM3\ARM_GCC_541\Debug\Design01.a(ADC.o)
                                0x5fc (size before relaxing)
 .debug_str     0x00001ad7       0x45 .\CortexM3\ARM_GCC_541\Debug\Design01.a(ADC_INT.o)
                                0x1f3 (size before relaxing)
 .debug_str     0x00001b1c       0x5f .\CortexM3\ARM_GCC_541\Debug\Design01.a(ADC_AMux.o)
                                0x232 (size before relaxing)
 .debug_str     0x00001b7b      0x16d .\CortexM3\ARM_GCC_541\Debug\Design01.a(ADC_Ext_CP_Clk.o)
                                0x375 (size before relaxing)
 .debug_str     0x00001ce8      0x14f .\CortexM3\ARM_GCC_541\Debug\Design01.a(ADC_theACLK.o)
                                0x394 (size before relaxing)
 .debug_str     0x00001e37      0x1bb .\CortexM3\ARM_GCC_541\Debug\Design01.a(CyFlash.o)
                                0x3f3 (size before relaxing)
 .debug_str     0x00001ff2       0xac .\CortexM3\ARM_GCC_541\Debug\Design01.a(CySpc.o)
                                0x36b (size before relaxing)

.debug_loc      0x00000000     0x2bab
 *(.debug_loc)
 .debug_loc     0x00000000      0x11c .\CortexM3\ARM_GCC_541\Debug\main.o
 .debug_loc     0x0000011c      0x219 .\CortexM3\ARM_GCC_541\Debug\cyfitter_cfg.o
 .debug_loc     0x00000335      0x144 .\CortexM3\ARM_GCC_541\Debug\Cm3Start.o
 .debug_loc     0x00000479       0x42 .\CortexM3\ARM_GCC_541\Debug\Design01.a(LED01.o)
 .debug_loc     0x000004bb       0x42 .\CortexM3\ARM_GCC_541\Debug\Design01.a(LED02.o)
 .debug_loc     0x000004fd      0xa11 .\CortexM3\ARM_GCC_541\Debug\Design01.a(CyLib.o)
 .debug_loc     0x00000f0e      0x1e4 .\CortexM3\ARM_GCC_541\Debug\Design01.a(cyPm.o)
 .debug_loc     0x000010f2       0x42 .\CortexM3\ARM_GCC_541\Debug\Design01.a(LED03.o)
 .debug_loc     0x00001134       0x42 .\CortexM3\ARM_GCC_541\Debug\Design01.a(LED04.o)
 .debug_loc     0x00001176       0x42 .\CortexM3\ARM_GCC_541\Debug\Design01.a(TOP.o)
 .debug_loc     0x000011b8       0x42 .\CortexM3\ARM_GCC_541\Debug\Design01.a(DOWN.o)
 .debug_loc     0x000011fa      0x3c6 .\CortexM3\ARM_GCC_541\Debug\Design01.a(LCD.o)
 .debug_loc     0x000015c0       0x42 .\CortexM3\ARM_GCC_541\Debug\Design01.a(ROW0.o)
 .debug_loc     0x00001602       0x42 .\CortexM3\ARM_GCC_541\Debug\Design01.a(ROW1.o)
 .debug_loc     0x00001644       0x42 .\CortexM3\ARM_GCC_541\Debug\Design01.a(ROW2.o)
 .debug_loc     0x00001686       0x42 .\CortexM3\ARM_GCC_541\Debug\Design01.a(ROW3.o)
 .debug_loc     0x000016c8       0x42 .\CortexM3\ARM_GCC_541\Debug\Design01.a(COL1.o)
 .debug_loc     0x0000170a       0x42 .\CortexM3\ARM_GCC_541\Debug\Design01.a(COL2.o)
 .debug_loc     0x0000174c       0x42 .\CortexM3\ARM_GCC_541\Debug\Design01.a(COL3.o)
 .debug_loc     0x0000178e      0x681 .\CortexM3\ARM_GCC_541\Debug\Design01.a(ADC.o)
 .debug_loc     0x00001e0f       0x6c .\CortexM3\ARM_GCC_541\Debug\Design01.a(ADC_AMux.o)
 .debug_loc     0x00001e7b      0x12c .\CortexM3\ARM_GCC_541\Debug\Design01.a(ADC_Ext_CP_Clk.o)
 .debug_loc     0x00001fa7      0x14d .\CortexM3\ARM_GCC_541\Debug\Design01.a(ADC_theACLK.o)
 .debug_loc     0x000020f4      0x3b2 .\CortexM3\ARM_GCC_541\Debug\Design01.a(CyFlash.o)
 .debug_loc     0x000024a6      0x705 .\CortexM3\ARM_GCC_541\Debug\Design01.a(CySpc.o)

.debug_macinfo
 *(.debug_macinfo)

.debug_ranges   0x00000000      0x980
 *(.debug_ranges)
 .debug_ranges  0x00000000       0x58 .\CortexM3\ARM_GCC_541\Debug\main.o
 .debug_ranges  0x00000058       0x18 .\CortexM3\ARM_GCC_541\Debug\keypad.o
 .debug_ranges  0x00000070       0x58 .\CortexM3\ARM_GCC_541\Debug\cyfitter_cfg.o
 .debug_ranges  0x000000c8       0x38 .\CortexM3\ARM_GCC_541\Debug\Cm3Start.o
 .debug_ranges  0x00000100       0x28 .\CortexM3\ARM_GCC_541\Debug\Design01.a(LED01.o)
 .debug_ranges  0x00000128       0x28 .\CortexM3\ARM_GCC_541\Debug\Design01.a(LED02.o)
 .debug_ranges  0x00000150      0x290 .\CortexM3\ARM_GCC_541\Debug\Design01.a(CyLib.o)
 .debug_ranges  0x000003e0       0x88 .\CortexM3\ARM_GCC_541\Debug\Design01.a(cyPm.o)
 .debug_ranges  0x00000468       0x28 .\CortexM3\ARM_GCC_541\Debug\Design01.a(LED03.o)
 .debug_ranges  0x00000490       0x28 .\CortexM3\ARM_GCC_541\Debug\Design01.a(LED04.o)
 .debug_ranges  0x000004b8       0x28 .\CortexM3\ARM_GCC_541\Debug\Design01.a(TOP.o)
 .debug_ranges  0x000004e0       0x28 .\CortexM3\ARM_GCC_541\Debug\Design01.a(DOWN.o)
 .debug_ranges  0x00000508       0x88 .\CortexM3\ARM_GCC_541\Debug\Design01.a(LCD.o)
 .debug_ranges  0x00000590       0x28 .\CortexM3\ARM_GCC_541\Debug\Design01.a(ROW0.o)
 .debug_ranges  0x000005b8       0x28 .\CortexM3\ARM_GCC_541\Debug\Design01.a(ROW1.o)
 .debug_ranges  0x000005e0       0x28 .\CortexM3\ARM_GCC_541\Debug\Design01.a(ROW2.o)
 .debug_ranges  0x00000608       0x28 .\CortexM3\ARM_GCC_541\Debug\Design01.a(ROW3.o)
 .debug_ranges  0x00000630       0x28 .\CortexM3\ARM_GCC_541\Debug\Design01.a(COL1.o)
 .debug_ranges  0x00000658       0x28 .\CortexM3\ARM_GCC_541\Debug\Design01.a(COL2.o)
 .debug_ranges  0x00000680       0x28 .\CortexM3\ARM_GCC_541\Debug\Design01.a(COL3.o)
 .debug_ranges  0x000006a8       0xd8 .\CortexM3\ARM_GCC_541\Debug\Design01.a(ADC.o)
 .debug_ranges  0x00000780       0x28 .\CortexM3\ARM_GCC_541\Debug\Design01.a(ADC_INT.o)
 .debug_ranges  0x000007a8       0x20 .\CortexM3\ARM_GCC_541\Debug\Design01.a(ADC_AMux.o)
 .debug_ranges  0x000007c8       0x60 .\CortexM3\ARM_GCC_541\Debug\Design01.a(ADC_Ext_CP_Clk.o)
 .debug_ranges  0x00000828       0x70 .\CortexM3\ARM_GCC_541\Debug\Design01.a(ADC_theACLK.o)
 .debug_ranges  0x00000898       0x78 .\CortexM3\ARM_GCC_541\Debug\Design01.a(CyFlash.o)
 .debug_ranges  0x00000910       0x70 .\CortexM3\ARM_GCC_541\Debug\Design01.a(CySpc.o)

.comment        0x00000000       0x6e
 .comment       0x00000000       0x6e .\CortexM3\ARM_GCC_541\Debug\main.o
                                 0x6f (size before relaxing)
 .comment       0x0000006e       0x6f .\CortexM3\ARM_GCC_541\Debug\keypad.o
 .comment       0x0000006e       0x6f .\CortexM3\ARM_GCC_541\Debug\cyfitter_cfg.o
 .comment       0x0000006e       0x6f .\CortexM3\ARM_GCC_541\Debug\cymetadata.o
 .comment       0x0000006e       0x6f .\CortexM3\ARM_GCC_541\Debug\Cm3Start.o
 .comment       0x0000006e       0x6f .\CortexM3\ARM_GCC_541\Debug\Design01.a(LED01.o)
 .comment       0x0000006e       0x6f .\CortexM3\ARM_GCC_541\Debug\Design01.a(LED02.o)
 .comment       0x0000006e       0x6f .\CortexM3\ARM_GCC_541\Debug\Design01.a(CyLib.o)
 .comment       0x0000006e       0x6f .\CortexM3\ARM_GCC_541\Debug\Design01.a(cyPm.o)
 .comment       0x0000006e       0x6f .\CortexM3\ARM_GCC_541\Debug\Design01.a(LED03.o)
 .comment       0x0000006e       0x6f .\CortexM3\ARM_GCC_541\Debug\Design01.a(LED04.o)
 .comment       0x0000006e       0x6f .\CortexM3\ARM_GCC_541\Debug\Design01.a(TOP.o)
 .comment       0x0000006e       0x6f .\CortexM3\ARM_GCC_541\Debug\Design01.a(DOWN.o)
 .comment       0x0000006e       0x6f .\CortexM3\ARM_GCC_541\Debug\Design01.a(LCD.o)
 .comment       0x0000006e       0x6f .\CortexM3\ARM_GCC_541\Debug\Design01.a(ROW0.o)
 .comment       0x0000006e       0x6f .\CortexM3\ARM_GCC_541\Debug\Design01.a(ROW1.o)
 .comment       0x0000006e       0x6f .\CortexM3\ARM_GCC_541\Debug\Design01.a(ROW2.o)
 .comment       0x0000006e       0x6f .\CortexM3\ARM_GCC_541\Debug\Design01.a(ROW3.o)
 .comment       0x0000006e       0x6f .\CortexM3\ARM_GCC_541\Debug\Design01.a(COL1.o)
 .comment       0x0000006e       0x6f .\CortexM3\ARM_GCC_541\Debug\Design01.a(COL2.o)
 .comment       0x0000006e       0x6f .\CortexM3\ARM_GCC_541\Debug\Design01.a(COL3.o)
 .comment       0x0000006e       0x6f .\CortexM3\ARM_GCC_541\Debug\Design01.a(ADC.o)
 .comment       0x0000006e       0x6f .\CortexM3\ARM_GCC_541\Debug\Design01.a(ADC_INT.o)
 .comment       0x0000006e       0x6f .\CortexM3\ARM_GCC_541\Debug\Design01.a(ADC_AMux.o)
 .comment       0x0000006e       0x6f .\CortexM3\ARM_GCC_541\Debug\Design01.a(ADC_Ext_CP_Clk.o)
 .comment       0x0000006e       0x6f .\CortexM3\ARM_GCC_541\Debug\Design01.a(ADC_theACLK.o)
 .comment       0x0000006e       0x6f .\CortexM3\ARM_GCC_541\Debug\Design01.a(CyFlash.o)
 .comment       0x0000006e       0x6f .\CortexM3\ARM_GCC_541\Debug\Design01.a(CySpc.o)

.debug_weaknames
 *(.debug_weaknames)

.debug_funcnames
 *(.debug_funcnames)

.debug_typenames
 *(.debug_typenames)

.debug_varnames
 *(.debug_varnames)

.note.gnu.arm.ident
 *(.note.gnu.arm.ident)

.ARM.attributes
                0x00000000       0x29
 *(.ARM.attributes)
 .ARM.attributes
                0x00000000       0x1d d:/psoc/psoc creator/4.4/psoc creator/import/gnu/arm/5.4.1/bin/../lib/gcc/arm-none-eabi/5.4.1/armv7-m/crti.o
 .ARM.attributes
                0x0000001d       0x2d d:/psoc/psoc creator/4.4/psoc creator/import/gnu/arm/5.4.1/bin/../lib/gcc/arm-none-eabi/5.4.1/armv7-m/crtbegin.o
 .ARM.attributes
                0x0000004a       0x1b d:/psoc/psoc creator/4.4/psoc creator/import/gnu/arm/5.4.1/bin/../lib/gcc/arm-none-eabi/5.4.1/../../../../arm-none-eabi/lib/armv7-m/crt0.o
 .ARM.attributes
                0x00000065       0x33 .\CortexM3\ARM_GCC_541\Debug\main.o
 .ARM.attributes
                0x00000098       0x33 .\CortexM3\ARM_GCC_541\Debug\keypad.o
 .ARM.attributes
                0x000000cb       0x33 .\CortexM3\ARM_GCC_541\Debug\cyfitter_cfg.o
 .ARM.attributes
                0x000000fe       0x33 .\CortexM3\ARM_GCC_541\Debug\cymetadata.o
 .ARM.attributes
                0x00000131       0x33 .\CortexM3\ARM_GCC_541\Debug\Cm3Start.o
 .ARM.attributes
                0x00000164       0x33 .\CortexM3\ARM_GCC_541\Debug\Design01.a(LED01.o)
 .ARM.attributes
                0x00000197       0x33 .\CortexM3\ARM_GCC_541\Debug\Design01.a(LED02.o)
 .ARM.attributes
                0x000001ca       0x33 .\CortexM3\ARM_GCC_541\Debug\Design01.a(CyLib.o)
 .ARM.attributes
                0x000001fd       0x33 .\CortexM3\ARM_GCC_541\Debug\Design01.a(cyPm.o)
 .ARM.attributes
                0x00000230       0x33 .\CortexM3\ARM_GCC_541\Debug\Design01.a(LED03.o)
 .ARM.attributes
                0x00000263       0x33 .\CortexM3\ARM_GCC_541\Debug\Design01.a(LED04.o)
 .ARM.attributes
                0x00000296       0x33 .\CortexM3\ARM_GCC_541\Debug\Design01.a(TOP.o)
 .ARM.attributes
                0x000002c9       0x33 .\CortexM3\ARM_GCC_541\Debug\Design01.a(DOWN.o)
 .ARM.attributes
                0x000002fc       0x33 .\CortexM3\ARM_GCC_541\Debug\Design01.a(LCD.o)
 .ARM.attributes
                0x0000032f       0x33 .\CortexM3\ARM_GCC_541\Debug\Design01.a(ROW0.o)
 .ARM.attributes
                0x00000362       0x33 .\CortexM3\ARM_GCC_541\Debug\Design01.a(ROW1.o)
 .ARM.attributes
                0x00000395       0x33 .\CortexM3\ARM_GCC_541\Debug\Design01.a(ROW2.o)
 .ARM.attributes
                0x000003c8       0x33 .\CortexM3\ARM_GCC_541\Debug\Design01.a(ROW3.o)
 .ARM.attributes
                0x000003fb       0x33 .\CortexM3\ARM_GCC_541\Debug\Design01.a(COL1.o)
 .ARM.attributes
                0x0000042e       0x33 .\CortexM3\ARM_GCC_541\Debug\Design01.a(COL2.o)
 .ARM.attributes
                0x00000461       0x33 .\CortexM3\ARM_GCC_541\Debug\Design01.a(COL3.o)
 .ARM.attributes
                0x00000494       0x33 .\CortexM3\ARM_GCC_541\Debug\Design01.a(ADC.o)
 .ARM.attributes
                0x000004c7       0x33 .\CortexM3\ARM_GCC_541\Debug\Design01.a(ADC_INT.o)
 .ARM.attributes
                0x000004fa       0x33 .\CortexM3\ARM_GCC_541\Debug\Design01.a(ADC_AMux.o)
 .ARM.attributes
                0x0000052d       0x33 .\CortexM3\ARM_GCC_541\Debug\Design01.a(ADC_Ext_CP_Clk.o)
 .ARM.attributes
                0x00000560       0x33 .\CortexM3\ARM_GCC_541\Debug\Design01.a(ADC_theACLK.o)
 .ARM.attributes
                0x00000593       0x21 .\CortexM3\ARM_GCC_541\Debug\Design01.a(CyBootAsmGnu.o)
 .ARM.attributes
                0x000005b4       0x33 .\CortexM3\ARM_GCC_541\Debug\Design01.a(CyFlash.o)
 .ARM.attributes
                0x000005e7       0x33 .\CortexM3\ARM_GCC_541\Debug\Design01.a(CySpc.o)
 .ARM.attributes
                0x0000061a       0x1d d:/psoc/psoc creator/4.4/psoc creator/import/gnu/arm/5.4.1/bin/../lib/gcc/arm-none-eabi/5.4.1/armv7-m\libgcc.a(_arm_addsubdf3.o)
 .ARM.attributes
                0x00000637       0x1d d:/psoc/psoc creator/4.4/psoc creator/import/gnu/arm/5.4.1/bin/../lib/gcc/arm-none-eabi/5.4.1/armv7-m\libgcc.a(_arm_cmpdf2.o)
 .ARM.attributes
                0x00000654       0x1d d:/psoc/psoc creator/4.4/psoc creator/import/gnu/arm/5.4.1/bin/../lib/gcc/arm-none-eabi/5.4.1/armv7-m\libgcc.a(_arm_addsubsf3.o)
 .ARM.attributes
                0x00000671       0x1d d:/psoc/psoc creator/4.4/psoc creator/import/gnu/arm/5.4.1/bin/../lib/gcc/arm-none-eabi/5.4.1/armv7-m\libgcc.a(_arm_muldivsf3.o)
 .ARM.attributes
                0x0000068e       0x1d d:/psoc/psoc creator/4.4/psoc creator/import/gnu/arm/5.4.1/bin/../lib/gcc/arm-none-eabi/5.4.1/armv7-m\libgcc.a(_arm_fixunssfsi.o)
 .ARM.attributes
                0x000006ab       0x2d d:/psoc/psoc creator/4.4/psoc creator/import/gnu/arm/5.4.1/bin/../lib/gcc/arm-none-eabi/5.4.1/../../../../arm-none-eabi/lib/armv7-m\libg_nano.a(lib_a-errno.o)
 .ARM.attributes
                0x000006d8       0x2d d:/psoc/psoc creator/4.4/psoc creator/import/gnu/arm/5.4.1/bin/../lib/gcc/arm-none-eabi/5.4.1/../../../../arm-none-eabi/lib/armv7-m\libg_nano.a(lib_a-exit.o)
 .ARM.attributes
                0x00000705       0x2d d:/psoc/psoc creator/4.4/psoc creator/import/gnu/arm/5.4.1/bin/../lib/gcc/arm-none-eabi/5.4.1/../../../../arm-none-eabi/lib/armv7-m\libg_nano.a(lib_a-impure.o)
 .ARM.attributes
                0x00000732       0x2d d:/psoc/psoc creator/4.4/psoc creator/import/gnu/arm/5.4.1/bin/../lib/gcc/arm-none-eabi/5.4.1/../../../../arm-none-eabi/lib/armv7-m\libg_nano.a(lib_a-init.o)
 .ARM.attributes
                0x0000075f       0x2d d:/psoc/psoc creator/4.4/psoc creator/import/gnu/arm/5.4.1/bin/../lib/gcc/arm-none-eabi/5.4.1/../../../../arm-none-eabi/lib/armv7-m\libg_nano.a(lib_a-memcpy-stub.o)
 .ARM.attributes
                0x0000078c       0x2d d:/psoc/psoc creator/4.4/psoc creator/import/gnu/arm/5.4.1/bin/../lib/gcc/arm-none-eabi/5.4.1/../../../../arm-none-eabi/lib/armv7-m\libg_nano.a(lib_a-memset.o)
 .ARM.attributes
                0x000007b9       0x2d d:/psoc/psoc creator/4.4/psoc creator/import/gnu/arm/5.4.1/bin/../lib/gcc/arm-none-eabi/5.4.1/armv7-m/crtend.o
 .ARM.attributes
                0x000007e6       0x1d d:/psoc/psoc creator/4.4/psoc creator/import/gnu/arm/5.4.1/bin/../lib/gcc/arm-none-eabi/5.4.1/armv7-m/crtn.o

/DISCARD/
 *(.note.GNU-stack)
OUTPUT(D:\Polytech\MA1 2022-2023 ULB\Q2\ELEC-H310 -- Digital Electronics\Coding\INFO_H310\Lab01\Lab01_MySelf\Design01.cydsn\CortexM3\ARM_GCC_541\Debug\Design01.elf elf32-littlearm)
